Using pre-set license
Built from '2022.3/respin/2022.3.62f2-4af31df585-v2' branch; Version is '2022.3.62f2 (7670c08855a9) revision 7762112'; Using compiler version '192829333'; Build Type 'Release'
OS: 'Windows 10  (10.0.19045) 64bit Core' Language: 'no' Physical Memory: 32690 MB
BatchMode: 1, IsHumanControllingUs: 0, StartBugReporterOnCrash: 0, Is64bit: 1, IsPro: 1

COMMAND LINE ARGUMENTS:
F:\Programfiler\Unity\Editor\2022.3.62f2\Editor\Unity.exe
-adb2
-batchMode
-noUpm
-name
AssetImportWorker2
-projectPath
F:/Library/Projects/Unity Projects/Boolean Dev
-logFile
Logs/AssetImportWorker2.log
-srvPort
54236
Successfully changed project path to: F:/Library/Projects/Unity Projects/Boolean Dev
F:/Library/Projects/Unity Projects/Boolean Dev
[UnityMemory] Configuration Parameters - Can be set up in boot.config
    "memorysetup-bucket-allocator-granularity=16"
    "memorysetup-bucket-allocator-bucket-count=8"
    "memorysetup-bucket-allocator-block-size=33554432"
    "memorysetup-bucket-allocator-block-count=8"
    "memorysetup-main-allocator-block-size=16777216"
    "memorysetup-thread-allocator-block-size=16777216"
    "memorysetup-gfx-main-allocator-block-size=16777216"
    "memorysetup-gfx-thread-allocator-block-size=16777216"
    "memorysetup-cache-allocator-block-size=4194304"
    "memorysetup-typetree-allocator-block-size=2097152"
    "memorysetup-profiler-bucket-allocator-granularity=16"
    "memorysetup-profiler-bucket-allocator-bucket-count=8"
    "memorysetup-profiler-bucket-allocator-block-size=33554432"
    "memorysetup-profiler-bucket-allocator-block-count=8"
    "memorysetup-profiler-allocator-block-size=16777216"
    "memorysetup-profiler-editor-allocator-block-size=1048576"
    "memorysetup-temp-allocator-size-main=16777216"
    "memorysetup-job-temp-allocator-block-size=2097152"
    "memorysetup-job-temp-allocator-block-size-background=1048576"
    "memorysetup-job-temp-allocator-reduction-small-platforms=262144"
    "memorysetup-allocator-temp-initial-block-size-main=262144"
    "memorysetup-allocator-temp-initial-block-size-worker=262144"
    "memorysetup-temp-allocator-size-background-worker=32768"
    "memorysetup-temp-allocator-size-job-worker=262144"
    "memorysetup-temp-allocator-size-preload-manager=33554432"
    "memorysetup-temp-allocator-size-nav-mesh-worker=65536"
    "memorysetup-temp-allocator-size-audio-worker=65536"
    "memorysetup-temp-allocator-size-cloud-worker=32768"
    "memorysetup-temp-allocator-size-gi-baking-worker=262144"
    "memorysetup-temp-allocator-size-gfx=262144"
Player connection [27940]  Target information:

Player connection [27940]  * "[IP] 169.254.146.209 [Port] 0 [Flags] 2 [Guid] 2749771264 [EditorId] 2749771264 [Version] 1048832 [Id] WindowsEditor(7,Tree-Diagram) [Debug] 1 [PackageName] WindowsEditor [ProjectName] Editor" 

Player connection [27940]  * "[IP] 192.168.10.84 [Port] 0 [Flags] 2 [Guid] 2749771264 [EditorId] 2749771264 [Version] 1048832 [Id] WindowsEditor(7,Tree-Diagram) [Debug] 1 [PackageName] WindowsEditor [ProjectName] Editor" 

Player connection [27940] Host joined multi-casting on [225.0.0.222:54997]...
Player connection [27940] Host joined alternative multi-casting on [225.0.0.222:34997]...
Input System module state changed to: Initialized.
[PhysX] Initialized MultithreadedTaskDispatcher with 12 workers.
Refreshing native plugins compatible for Editor in 13.06 ms, found 2 plugins.
Preloading 0 native plugins for Editor in 0.00 ms.
Initialize engine version: 2022.3.62f2 (7670c08855a9)
[Subsystems] Discovering subsystems at path F:/Programfiler/Unity/Editor/2022.3.62f2/Editor/Data/Resources/UnitySubsystems
[Subsystems] Discovering subsystems at path F:/Library/Projects/Unity Projects/Boolean Dev/Assets
GfxDevice: creating device client; threaded=0; jobified=0
Direct3D:
    Version:  Direct3D 11.0 [level 11.1]
    Renderer: NVIDIA GeForce GTX 1060 6GB (ID=0x1c03)
    Vendor:   NVIDIA
    VRAM:     6029 MB
    Driver:   32.0.15.6094
Initialize mono
Mono path[0] = 'F:/Programfiler/Unity/Editor/2022.3.62f2/Editor/Data/Managed'
Mono path[1] = 'F:/Programfiler/Unity/Editor/2022.3.62f2/Editor/Data/MonoBleedingEdge/lib/mono/unityjit-win32'
Mono config path = 'F:/Programfiler/Unity/Editor/2022.3.62f2/Editor/Data/MonoBleedingEdge/etc'
Using monoOptions --debugger-agent=transport=dt_socket,embedding=1,server=y,suspend=n,address=127.0.0.1:56556
Begin MonoManager ReloadAssembly
Registering precompiled unity dll's ...
Register platform support module: F:/Programfiler/Unity/Editor/2022.3.62f2/Editor/Data/PlaybackEngines/WebGLSupport/UnityEditor.WebGL.Extensions.dll
Register platform support module: F:/Programfiler/Unity/Editor/2022.3.62f2/Editor/Data/PlaybackEngines/MacStandaloneSupport/UnityEditor.OSXStandalone.Extensions.dll
Register platform support module: F:/Programfiler/Unity/Editor/2022.3.62f2/Editor/Data/PlaybackEngines/WindowsStandaloneSupport/UnityEditor.WindowsStandalone.Extensions.dll
Register platform support module: F:/Programfiler/Unity/Editor/2022.3.62f2/Editor/Data/PlaybackEngines/LinuxStandaloneSupport/UnityEditor.LinuxStandalone.Extensions.dll
Registered in 0.009835 seconds.
- Loaded All Assemblies, in  0.350 seconds
Native extension for LinuxStandalone target not found
Native extension for WindowsStandalone target not found
Native extension for OSXStandalone target not found
Native extension for WebGL target not found
Mono: successfully reloaded assembly
- Finished resetting the current domain, in  0.269 seconds
Domain Reload Profiling: 619ms
	BeginReloadAssembly (106ms)
		ExecutionOrderSort (0ms)
		DisableScriptedObjects (0ms)
		BackupInstance (0ms)
		ReleaseScriptingObjects (0ms)
		CreateAndSetChildDomain (1ms)
	RebuildCommonClasses (34ms)
	RebuildNativeTypeToScriptingClass (11ms)
	initialDomainReloadingComplete (54ms)
	LoadAllAssembliesAndSetupDomain (144ms)
		LoadAssemblies (106ms)
		RebuildTransferFunctionScriptingTraits (0ms)
		AnalyzeDomain (142ms)
			TypeCache.Refresh (140ms)
				TypeCache.ScanAssembly (128ms)
			ScanForSourceGeneratedMonoScriptInfo (0ms)
			ResolveRequiredComponents (0ms)
	FinalizeReload (270ms)
		ReleaseScriptCaches (0ms)
		RebuildScriptCaches (0ms)
		SetupLoadedEditorAssemblies (219ms)
			LogAssemblyErrors (0ms)
			InitializePlatformSupportModulesInManaged (20ms)
			SetLoadedEditorAssemblies (6ms)
			RefreshPlugins (0ms)
			BeforeProcessingInitializeOnLoad (2ms)
			ProcessInitializeOnLoadAttributes (147ms)
			ProcessInitializeOnLoadMethodAttributes (43ms)
			AfterProcessingInitializeOnLoad (0ms)
			EditorAssembliesLoaded (0ms)
		ExecutionOrderSort2 (0ms)
		AwakeInstancesAfterBackupRestoration (0ms)
========================================================================
Worker process is ready to serve import requests
Caller must complete domain reload
Begin MonoManager ReloadAssembly
Symbol file LoadedFromMemory is not a mono symbol file
- Loaded All Assemblies, in  0.639 seconds
Native extension for LinuxStandalone target not found
Native extension for WindowsStandalone target not found
Native extension for OSXStandalone target not found
Native extension for WebGL target not found
Mono: successfully reloaded assembly
- Finished resetting the current domain, in  0.895 seconds
Domain Reload Profiling: 1534ms
	BeginReloadAssembly (145ms)
		ExecutionOrderSort (0ms)
		DisableScriptedObjects (5ms)
		BackupInstance (0ms)
		ReleaseScriptingObjects (0ms)
		CreateAndSetChildDomain (24ms)
	RebuildCommonClasses (33ms)
	RebuildNativeTypeToScriptingClass (11ms)
	initialDomainReloadingComplete (35ms)
	LoadAllAssembliesAndSetupDomain (415ms)
		LoadAssemblies (344ms)
		RebuildTransferFunctionScriptingTraits (0ms)
		AnalyzeDomain (154ms)
			TypeCache.Refresh (122ms)
				TypeCache.ScanAssembly (102ms)
			ScanForSourceGeneratedMonoScriptInfo (22ms)
			ResolveRequiredComponents (9ms)
	FinalizeReload (896ms)
		ReleaseScriptCaches (0ms)
		RebuildScriptCaches (0ms)
		SetupLoadedEditorAssemblies (731ms)
			LogAssemblyErrors (0ms)
			InitializePlatformSupportModulesInManaged (16ms)
			SetLoadedEditorAssemblies (6ms)
			RefreshPlugins (0ms)
			BeforeProcessingInitializeOnLoad (115ms)
			ProcessInitializeOnLoadAttributes (408ms)
			ProcessInitializeOnLoadMethodAttributes (181ms)
			AfterProcessingInitializeOnLoad (4ms)
			EditorAssembliesLoaded (0ms)
		ExecutionOrderSort2 (0ms)
		AwakeInstancesAfterBackupRestoration (10ms)
WARNING: Shader Unsupported: 'Toon/Lit Outline' - All subshaders removed
WARNING: Shader Did you use #pragma only_renderers and omit this platform?
WARNING: Shader If subshaders removal was intentional, you may have forgotten turning Fallback off?
WARNING: Shader Unsupported: 'Toon/Lit Outline' - All subshaders removed
WARNING: Shader Did you use #pragma only_renderers and omit this platform?
WARNING: Shader If subshaders removal was intentional, you may have forgotten turning Fallback off?
WARNING: Shader Unsupported: 'Toon/Basic Outline' - All subshaders removed
WARNING: Shader Did you use #pragma only_renderers and omit this platform?
WARNING: Shader If subshaders removal was intentional, you may have forgotten turning Fallback off?
WARNING: Shader Unsupported: 'Toon/Basic Outline' - All subshaders removed
WARNING: Shader Did you use #pragma only_renderers and omit this platform?
WARNING: Shader If subshaders removal was intentional, you may have forgotten turning Fallback off?
Launched and connected shader compiler UnityShaderCompiler.exe after 0.07 seconds
Refreshing native plugins compatible for Editor in 8.34 ms, found 2 plugins.
Preloading 0 native plugins for Editor in 0.00 ms.
Unloading 2604 Unused Serialized files (Serialized files now loaded: 0)
Unloading 24 unused Assets / (383.9 KB). Loaded Objects now: 3078.
Memory consumption went from 112.3 MB to 111.9 MB.
Total: 8.875600 ms (FindLiveObjects: 0.523200 ms CreateObjectMapping: 0.122500 ms MarkObjects: 7.975500 ms  DeleteObjects: 0.252800 ms)

AssetImportParameters requested are different than current active one (requested -> active):
  custom:video-decoder-webm-vp8: 9c59270c3fd7afecdb556c50c9e8de78 -> 
  custom:SearchIndexIgnoredProperties: e643bd26f0fe6173181afceb89e7c659 -> 
  custom:container-demuxer-ogg: 62fdf1f143b41e24485cea50d1cbac27 -> 
  custom:AudioImporter_EditorPlatform: d09bf68614088b80899f8185d706f6e7 -> 
  custom:video-decoder-ogg-theora: a1e56fd34408186e4bbccfd4996cb3dc -> 
  custom:framework-win-MediaFoundation: 216162199b28c13a410421893ffa2e32 -> 
  custom:video-encoder-webm-vp8: eb34c28f22e8b96e1ab97ce403110664 -> 
  custom:audio-decoder-ogg-vorbis: bf7c407c2cedff20999df2af8eb42d56 -> 
  custom:CustomObjectIndexerAttribute: 9a22284fe3817be447336de3de66b15e -> 
  custom:container-demuxer-webm: 4f35f7cbe854078d1ac9338744f61a02 -> 
  custom:audio-encoder-webm-vorbis: bf7c407c2cedff20999df2af8eb42d56 -> 
  custom:container-muxer-webm: aa71ff27fc2769a1b78a27578f13a17b -> 
========================================================================
Received Import Request.
  Time since last request: 34060.172891 seconds.
  path: Assets/Art/Fonts/PIXEARG_.TTF
  artifactKey: Guid(1a0857710e6c1ce4c90ac992bca47a57) Importer(2089858483,0ecaa5967403d082aa24f35e1b516d23)
Start importing Assets/Art/Fonts/PIXEARG_.TTF using Guid(1a0857710e6c1ce4c90ac992bca47a57) Importer(2089858483,0ecaa5967403d082aa24f35e1b516d23) [PhysX] Initialized MultithreadedTaskDispatcher with 12 workers.
 -> (artifact id: '238f04b53bf2014ff7eec492944cd235') in 0.117796 seconds
Number of updated asset objects reloaded before import = 0
Number of asset objects unloaded after import = 3
========================================================================
Received Import Request.
  Time since last request: 0.000028 seconds.
  path: Assets/Main.unity
  artifactKey: Guid(4354a306211f40a4bbf2e4d059a891c3) Importer(2089858483,0ecaa5967403d082aa24f35e1b516d23)
Start importing Assets/Main.unity using Guid(4354a306211f40a4bbf2e4d059a891c3) Importer(2089858483,0ecaa5967403d082aa24f35e1b516d23) [PhysX] Initialized MultithreadedTaskDispatcher with 12 workers.
 -> (artifact id: '777fe27e6e63ef7412aeeeb82aed8a6f') in 0.008288 seconds
Number of updated asset objects reloaded before import = 0
Number of asset objects unloaded after import = 1
========================================================================
Received Import Request.
  Time since last request: 0.000019 seconds.
  path: Assets/Art/Tiles/OneWayer1.png
  artifactKey: Guid(b591eeb1d99c4ea438ea6532177cdde5) Importer(2089858483,0ecaa5967403d082aa24f35e1b516d23)
Start importing Assets/Art/Tiles/OneWayer1.png using Guid(b591eeb1d99c4ea438ea6532177cdde5) Importer(2089858483,0ecaa5967403d082aa24f35e1b516d23) [PhysX] Initialized MultithreadedTaskDispatcher with 12 workers.
 -> (artifact id: '4e32a07decc4e2a427bedd971a83be6a') in 0.075368 seconds
Number of updated asset objects reloaded before import = 0
Number of asset objects unloaded after import = 3
========================================================================
Received Import Request.
  Time since last request: 0.000022 seconds.
  path: Assets/Art/Tiles/Delayer_v2-2-on.png
  artifactKey: Guid(00f887db57f275849941eff71b38b2bd) Importer(2089858483,0ecaa5967403d082aa24f35e1b516d23)
Start importing Assets/Art/Tiles/Delayer_v2-2-on.png using Guid(00f887db57f275849941eff71b38b2bd) Importer(2089858483,0ecaa5967403d082aa24f35e1b516d23) [PhysX] Initialized MultithreadedTaskDispatcher with 12 workers.
 -> (artifact id: 'faa0906609f0f4d7ce0e07b77c38dd38') in 0.025780 seconds
Number of updated asset objects reloaded before import = 0
Number of asset objects unloaded after import = 3
========================================================================
Received Import Request.
  Time since last request: 0.000019 seconds.
  path: Assets/Art/Tiles/LCD4on1.png
  artifactKey: Guid(31fe1fbc048888645ae9d1116ebdbc81) Importer(2089858483,0ecaa5967403d082aa24f35e1b516d23)
Start importing Assets/Art/Tiles/LCD4on1.png using Guid(31fe1fbc048888645ae9d1116ebdbc81) Importer(2089858483,0ecaa5967403d082aa24f35e1b516d23) [PhysX] Initialized MultithreadedTaskDispatcher with 12 workers.
 -> (artifact id: '2dd4265bfc0546b50ca849d4436eb3eb') in 0.025325 seconds
Number of updated asset objects reloaded before import = 0
Number of asset objects unloaded after import = 3
========================================================================
Received Import Request.
  Time since last request: 0.000013 seconds.
  path: Assets/Art/UI/MenuMap2.png
  artifactKey: Guid(5b73bfcd09c23bd47a6ac9089973a913) Importer(2089858483,0ecaa5967403d082aa24f35e1b516d23)
Start importing Assets/Art/UI/MenuMap2.png using Guid(5b73bfcd09c23bd47a6ac9089973a913) Importer(2089858483,0ecaa5967403d082aa24f35e1b516d23) [PhysX] Initialized MultithreadedTaskDispatcher with 12 workers.
 -> (artifact id: '4af4ba5192b0eeb7e0c5f4c23272117c') in 0.033280 seconds
Number of updated asset objects reloaded before import = 0
Number of asset objects unloaded after import = 3
========================================================================
Received Import Request.
  Time since last request: 0.000015 seconds.
  path: Assets/Art/UI/Sindrex1.png
  artifactKey: Guid(ea9c4d101156bd942b27217a88feebcb) Importer(2089858483,0ecaa5967403d082aa24f35e1b516d23)
Start importing Assets/Art/UI/Sindrex1.png using Guid(ea9c4d101156bd942b27217a88feebcb) Importer(2089858483,0ecaa5967403d082aa24f35e1b516d23) [PhysX] Initialized MultithreadedTaskDispatcher with 12 workers.
 -> (artifact id: 'b1e8cb42a6fc1f7eeb61ad8dadd779b7') in 0.027763 seconds
Number of updated asset objects reloaded before import = 0
Number of asset objects unloaded after import = 3
========================================================================
Received Import Request.
  Time since last request: 0.000017 seconds.
  path: Assets/Art/UI/EditButton_hover.png
  artifactKey: Guid(340cad2bdac44a84fb009d17c0beb21e) Importer(2089858483,0ecaa5967403d082aa24f35e1b516d23)
Start importing Assets/Art/UI/EditButton_hover.png using Guid(340cad2bdac44a84fb009d17c0beb21e) Importer(2089858483,0ecaa5967403d082aa24f35e1b516d23) [PhysX] Initialized MultithreadedTaskDispatcher with 12 workers.
 -> (artifact id: '70ab5c363d56dd7561f8959d15e43093') in 0.024910 seconds
Number of updated asset objects reloaded before import = 0
Number of asset objects unloaded after import = 3
========================================================================
Received Import Request.
  Time since last request: 0.000017 seconds.
  path: Assets/Art/Tiles/randomizer1.png
  artifactKey: Guid(d2ce8a2ae0de4534aab47dc5ea57d823) Importer(2089858483,0ecaa5967403d082aa24f35e1b516d23)
Start importing Assets/Art/Tiles/randomizer1.png using Guid(d2ce8a2ae0de4534aab47dc5ea57d823) Importer(2089858483,0ecaa5967403d082aa24f35e1b516d23) [PhysX] Initialized MultithreadedTaskDispatcher with 12 workers.
 -> (artifact id: '5618d41e875c0ef8049233d9df02b6b0') in 0.023912 seconds
Number of updated asset objects reloaded before import = 0
Number of asset objects unloaded after import = 3
========================================================================
Received Import Request.
  Time since last request: 0.000021 seconds.
  path: Assets/Art/Tiles/LCD3on1.png
  artifactKey: Guid(9a94448e6a543464491127b87b91e41d) Importer(2089858483,0ecaa5967403d082aa24f35e1b516d23)
Start importing Assets/Art/Tiles/LCD3on1.png using Guid(9a94448e6a543464491127b87b91e41d) Importer(2089858483,0ecaa5967403d082aa24f35e1b516d23) [PhysX] Initialized MultithreadedTaskDispatcher with 12 workers.
 -> (artifact id: '32f84eb95402e4e99e1926ead9702ab2') in 0.026224 seconds
Number of updated asset objects reloaded before import = 0
Number of asset objects unloaded after import = 3
========================================================================
Received Import Request.
  Time since last request: 0.000017 seconds.
  path: Assets/Art/Tiles/Sign3_hover.png
  artifactKey: Guid(372f33331ca730847894aed16d44f8b7) Importer(2089858483,0ecaa5967403d082aa24f35e1b516d23)
Start importing Assets/Art/Tiles/Sign3_hover.png using Guid(372f33331ca730847894aed16d44f8b7) Importer(2089858483,0ecaa5967403d082aa24f35e1b516d23) [PhysX] Initialized MultithreadedTaskDispatcher with 12 workers.
 -> (artifact id: 'be0409c8d5d047c73ffcb2334191c862') in 0.028889 seconds
Number of updated asset objects reloaded before import = 0
Number of asset objects unloaded after import = 3
========================================================================
Received Import Request.
  Time since last request: 0.000016 seconds.
  path: Assets/Art/Tiles/IO_turk.png
  artifactKey: Guid(8a8bf800c98b7914783492d2c3c281c4) Importer(2089858483,0ecaa5967403d082aa24f35e1b516d23)
Start importing Assets/Art/Tiles/IO_turk.png using Guid(8a8bf800c98b7914783492d2c3c281c4) Importer(2089858483,0ecaa5967403d082aa24f35e1b516d23) [PhysX] Initialized MultithreadedTaskDispatcher with 12 workers.
 -> (artifact id: '96bb9ef9ebbbbb9d3f3a18b925918494') in 0.024602 seconds
Number of updated asset objects reloaded before import = 0
Number of asset objects unloaded after import = 3
========================================================================
Received Import Request.
  Time since last request: 0.000016 seconds.
  path: Assets/Art/Icon_128p.png
  artifactKey: Guid(afcf70fcd40d8de4493a6d536e6e54aa) Importer(2089858483,0ecaa5967403d082aa24f35e1b516d23)
Start importing Assets/Art/Icon_128p.png using Guid(afcf70fcd40d8de4493a6d536e6e54aa) Importer(2089858483,0ecaa5967403d082aa24f35e1b516d23) [PhysX] Initialized MultithreadedTaskDispatcher with 12 workers.
 -> (artifact id: 'd749e1fd1c25db34fbbd60ab8089d680') in 0.023249 seconds
Number of updated asset objects reloaded before import = 0
Number of asset objects unloaded after import = 3
========================================================================
Received Import Request.
  Time since last request: 0.000020 seconds.
  path: Assets/Art/Tiles/NotGateOn.png
  artifactKey: Guid(3fe825f01dc2da146be24ce2066a51f0) Importer(2089858483,0ecaa5967403d082aa24f35e1b516d23)
Start importing Assets/Art/Tiles/NotGateOn.png using Guid(3fe825f01dc2da146be24ce2066a51f0) Importer(2089858483,0ecaa5967403d082aa24f35e1b516d23) [PhysX] Initialized MultithreadedTaskDispatcher with 12 workers.
 -> (artifact id: 'b3d3c2d87376bd594ddf50fb27c994a7') in 0.023640 seconds
Number of updated asset objects reloaded before import = 0
Number of asset objects unloaded after import = 3
========================================================================
Received Import Request.
  Time since last request: 0.000016 seconds.
  path: Assets/Prefab/Selection/SelectedTilePrefab.prefab
  artifactKey: Guid(1ffc46be65a4bdf489f4d8878c01d067) Importer(2089858483,0ecaa5967403d082aa24f35e1b516d23)
Start importing Assets/Prefab/Selection/SelectedTilePrefab.prefab using Guid(1ffc46be65a4bdf489f4d8878c01d067) Importer(2089858483,0ecaa5967403d082aa24f35e1b516d23) [PhysX] Initialized MultithreadedTaskDispatcher with 12 workers.
 -> (artifact id: '50b80c4bd388cbe70874bc873593b39a') in 0.043740 seconds
Number of updated asset objects reloaded before import = 0
Number of asset objects unloaded after import = 8
========================================================================
Received Import Request.
  Time since last request: 0.000012 seconds.
  path: Assets/Prefab/Tiles/Lamp1Prefab.prefab
  artifactKey: Guid(fe7ed9fbc8c2d044f961f2d563bbb542) Importer(2089858483,0ecaa5967403d082aa24f35e1b516d23)
Start importing Assets/Prefab/Tiles/Lamp1Prefab.prefab using Guid(fe7ed9fbc8c2d044f961f2d563bbb542) Importer(2089858483,0ecaa5967403d082aa24f35e1b516d23) [PhysX] Initialized MultithreadedTaskDispatcher with 12 workers.
 -> (artifact id: '0891183d0015db9a73953937aefd5833') in 0.054420 seconds
Number of updated asset objects reloaded before import = 0
Number of asset objects unloaded after import = 11
========================================================================
Received Import Request.
  Time since last request: 0.000015 seconds.
  path: Assets/Prefab/Tiles/ButtonPrefab.prefab
  artifactKey: Guid(d6665c051e276894584589481b090eba) Importer(2089858483,0ecaa5967403d082aa24f35e1b516d23)
Start importing Assets/Prefab/Tiles/ButtonPrefab.prefab using Guid(d6665c051e276894584589481b090eba) Importer(2089858483,0ecaa5967403d082aa24f35e1b516d23) [PhysX] Initialized MultithreadedTaskDispatcher with 12 workers.
 -> (artifact id: '92d2ef89486879572bf196a8926ef28e') in 0.033950 seconds
Number of updated asset objects reloaded before import = 0
Number of asset objects unloaded after import = 16
========================================================================
Received Import Request.
  Time since last request: 0.000022 seconds.
  path: Assets/Prefab/Tiles/Wire2Prefab.prefab
  artifactKey: Guid(d15dae1672279b74ebdb32b14b49a126) Importer(2089858483,0ecaa5967403d082aa24f35e1b516d23)
Start importing Assets/Prefab/Tiles/Wire2Prefab.prefab using Guid(d15dae1672279b74ebdb32b14b49a126) Importer(2089858483,0ecaa5967403d082aa24f35e1b516d23) [PhysX] Initialized MultithreadedTaskDispatcher with 12 workers.
 -> (artifact id: '862efca71b72391da53e24216d27d061') in 0.031052 seconds
Number of updated asset objects reloaded before import = 0
Number of asset objects unloaded after import = 11
========================================================================
Received Import Request.
  Time since last request: 0.000015 seconds.
  path: Assets/Prefab/Tiles/SignPrefab.prefab
  artifactKey: Guid(c8a1b85e78f4c7c429c6c137d048fc76) Importer(2089858483,0ecaa5967403d082aa24f35e1b516d23)
Start importing Assets/Prefab/Tiles/SignPrefab.prefab using Guid(c8a1b85e78f4c7c429c6c137d048fc76) Importer(2089858483,0ecaa5967403d082aa24f35e1b516d23) [PhysX] Initialized MultithreadedTaskDispatcher with 12 workers.
 -> (artifact id: '7aa7ffebf70d70ed2088654ab4602f6b') in 0.041724 seconds
Number of updated asset objects reloaded before import = 0
Number of asset objects unloaded after import = 10
========================================================================
Received Import Request.
  Time since last request: 0.000017 seconds.
  path: Assets/Prefab/Tiles/Lamp4Prefab.prefab
  artifactKey: Guid(20b22f8112b75f34a92129f1651d8c15) Importer(2089858483,0ecaa5967403d082aa24f35e1b516d23)
Start importing Assets/Prefab/Tiles/Lamp4Prefab.prefab using Guid(20b22f8112b75f34a92129f1651d8c15) Importer(2089858483,0ecaa5967403d082aa24f35e1b516d23) [PhysX] Initialized MultithreadedTaskDispatcher with 12 workers.
 -> (artifact id: '45e0f2431ed2635a97d5578445404191') in 0.030941 seconds
Number of updated asset objects reloaded before import = 0
Number of asset objects unloaded after import = 11
========================================================================
Received Import Request.
  Time since last request: 0.000014 seconds.
  path: Assets/Prefab/Tiles/RandomizerPrefab.prefab
  artifactKey: Guid(b027ab6cbc416d14f8a5eeb5d410ab72) Importer(2089858483,0ecaa5967403d082aa24f35e1b516d23)
Start importing Assets/Prefab/Tiles/RandomizerPrefab.prefab using Guid(b027ab6cbc416d14f8a5eeb5d410ab72) Importer(2089858483,0ecaa5967403d082aa24f35e1b516d23) [PhysX] Initialized MultithreadedTaskDispatcher with 12 workers.
 -> (artifact id: '763b4a25e32f4dd576fcac783ab3c9ef') in 0.038542 seconds
Number of updated asset objects reloaded before import = 0
Number of asset objects unloaded after import = 13
========================================================================
Received Import Request.
  Time since last request: 0.000022 seconds.
  path: Assets/Prefab/Tiles/SwitchPrefab.prefab
  artifactKey: Guid(56dd9bc7cf164df4db5aee7d068f6e7d) Importer(2089858483,0ecaa5967403d082aa24f35e1b516d23)
Start importing Assets/Prefab/Tiles/SwitchPrefab.prefab using Guid(56dd9bc7cf164df4db5aee7d068f6e7d) Importer(2089858483,0ecaa5967403d082aa24f35e1b516d23) [PhysX] Initialized MultithreadedTaskDispatcher with 12 workers.
 -> (artifact id: 'd419d4ba5977d220520c814425da6de7') in 0.034705 seconds
Number of updated asset objects reloaded before import = 0
Number of asset objects unloaded after import = 11
========================================================================
Received Import Request.
  Time since last request: 0.000013 seconds.
  path: Assets/Scripts/Components/ComponentUI.cs
  artifactKey: Guid(ff6de5862a09e224eb6bb014e7ec64f1) Importer(2089858483,0ecaa5967403d082aa24f35e1b516d23)
Start importing Assets/Scripts/Components/ComponentUI.cs using Guid(ff6de5862a09e224eb6bb014e7ec64f1) Importer(2089858483,0ecaa5967403d082aa24f35e1b516d23) [PhysX] Initialized MultithreadedTaskDispatcher with 12 workers.
 -> (artifact id: '6f402e67cc6106721d6f7c2cc4ad4f8d') in 0.008119 seconds
Number of updated asset objects reloaded before import = 0
Number of asset objects unloaded after import = 1
========================================================================
Received Import Request.
  Time since last request: 0.000018 seconds.
  path: Assets/Scripts/Components/ComponentOverlay.cs
  artifactKey: Guid(a0e70e48e606b62478285793d8001f95) Importer(2089858483,0ecaa5967403d082aa24f35e1b516d23)
Start importing Assets/Scripts/Components/ComponentOverlay.cs using Guid(a0e70e48e606b62478285793d8001f95) Importer(2089858483,0ecaa5967403d082aa24f35e1b516d23) [PhysX] Initialized MultithreadedTaskDispatcher with 12 workers.
 -> (artifact id: '798d61ad262fb7b83f4c573af06f29ef') in 0.007170 seconds
Number of updated asset objects reloaded before import = 0
Number of asset objects unloaded after import = 1
========================================================================
Received Import Request.
  Time since last request: 0.000017 seconds.
  path: Assets/Prefab/Tiles/Wire4Prefab.prefab
  artifactKey: Guid(55eeec914efdfc7409235a9693bee55b) Importer(2089858483,0ecaa5967403d082aa24f35e1b516d23)
Start importing Assets/Prefab/Tiles/Wire4Prefab.prefab using Guid(55eeec914efdfc7409235a9693bee55b) Importer(2089858483,0ecaa5967403d082aa24f35e1b516d23) [PhysX] Initialized MultithreadedTaskDispatcher with 12 workers.
 -> (artifact id: 'bef803f224e1b0a40611e3303d53ddaf') in 0.032981 seconds
Number of updated asset objects reloaded before import = 0
Number of asset objects unloaded after import = 11
========================================================================
Received Import Request.
  Time since last request: 0.000019 seconds.
  path: Assets/Art/Tiles/HopWireOn3.png
  artifactKey: Guid(2a212913586358b4db3b7f4588ee952a) Importer(2089858483,0ecaa5967403d082aa24f35e1b516d23)
Start importing Assets/Art/Tiles/HopWireOn3.png using Guid(2a212913586358b4db3b7f4588ee952a) Importer(2089858483,0ecaa5967403d082aa24f35e1b516d23) [PhysX] Initialized MultithreadedTaskDispatcher with 12 workers.
 -> (artifact id: 'abbfcd7ffa9a01f6c7dd15abed0661c8') in 0.024917 seconds
Number of updated asset objects reloaded before import = 0
Number of asset objects unloaded after import = 3
========================================================================
Received Import Request.
  Time since last request: 0.000021 seconds.
  path: Assets/Art/Tiles/LCD5.png
  artifactKey: Guid(a292ee3f6ee7c5a4b8524cdf79a57cad) Importer(2089858483,0ecaa5967403d082aa24f35e1b516d23)
Start importing Assets/Art/Tiles/LCD5.png using Guid(a292ee3f6ee7c5a4b8524cdf79a57cad) Importer(2089858483,0ecaa5967403d082aa24f35e1b516d23) [PhysX] Initialized MultithreadedTaskDispatcher with 12 workers.
 -> (artifact id: 'aa9a398d7ca55855c543cf9e916373f9') in 0.024851 seconds
Number of updated asset objects reloaded before import = 0
Number of asset objects unloaded after import = 3
========================================================================
Received Import Request.
  Time since last request: 0.000016 seconds.
  path: Assets/Art/background.jpg
  artifactKey: Guid(a777a4279e0178c40b76c08612e79c9e) Importer(2089858483,0ecaa5967403d082aa24f35e1b516d23)
Start importing Assets/Art/background.jpg using Guid(a777a4279e0178c40b76c08612e79c9e) Importer(2089858483,0ecaa5967403d082aa24f35e1b516d23) [PhysX] Initialized MultithreadedTaskDispatcher with 12 workers.
 -> (artifact id: '0414ccaeacbec216bc53a1eda6ec88aa') in 0.023700 seconds
Number of updated asset objects reloaded before import = 0
Number of asset objects unloaded after import = 3
========================================================================
Received Import Request.
  Time since last request: 0.000015 seconds.
  path: Assets/Prefab/AudioMixer.prefab
  artifactKey: Guid(158759196e1e72f4fb0d74040f69575a) Importer(2089858483,0ecaa5967403d082aa24f35e1b516d23)
Start importing Assets/Prefab/AudioMixer.prefab using Guid(158759196e1e72f4fb0d74040f69575a) Importer(2089858483,0ecaa5967403d082aa24f35e1b516d23) [PhysX] Initialized MultithreadedTaskDispatcher with 12 workers.
Refreshing native plugins compatible for Editor in 6.03 ms, found 2 plugins.
Preloading 0 native plugins for Editor in 0.00 ms.
 -> (artifact id: 'bf322d0c7ef9df9b2ed5c0cd26ef4b7a') in 2.416133 seconds
Number of updated asset objects reloaded before import = 0
Number of asset objects unloaded after import = 24
========================================================================
Received Import Request.
  Time since last request: 0.000022 seconds.
  path: Assets/Art/UI/Selection/DupeNew_hover.png
  artifactKey: Guid(fe85955bc3eca4d46bcbdf5ae98b4f41) Importer(2089858483,0ecaa5967403d082aa24f35e1b516d23)
Start importing Assets/Art/UI/Selection/DupeNew_hover.png using Guid(fe85955bc3eca4d46bcbdf5ae98b4f41) Importer(2089858483,0ecaa5967403d082aa24f35e1b516d23) [PhysX] Initialized MultithreadedTaskDispatcher with 12 workers.
 -> (artifact id: '58020e1d5f30f4f5c4cc79f9a1aaa255') in 0.022924 seconds
Number of updated asset objects reloaded before import = 0
Number of asset objects unloaded after import = 3
========================================================================
Received Import Request.
  Time since last request: 0.000025 seconds.
  path: Assets/StreamingAssets/Puzzles/puzzle4-2.json
  artifactKey: Guid(8c54aa601db40bd40acad54d153c0ac6) Importer(2089858483,0ecaa5967403d082aa24f35e1b516d23)
Start importing Assets/StreamingAssets/Puzzles/puzzle4-2.json using Guid(8c54aa601db40bd40acad54d153c0ac6) Importer(2089858483,0ecaa5967403d082aa24f35e1b516d23) [PhysX] Initialized MultithreadedTaskDispatcher with 12 workers.
 -> (artifact id: 'd1e4413f4ae3688b7bbe189d7f9108f3') in 0.005359 seconds
Number of updated asset objects reloaded before import = 0
Number of asset objects unloaded after import = 1
========================================================================
Received Import Request.
  Time since last request: 0.000013 seconds.
  path: Assets/Art/UI/Expand/Cross1.png
  artifactKey: Guid(f33be78e016e4b84084ef2bc226fcce6) Importer(2089858483,0ecaa5967403d082aa24f35e1b516d23)
Start importing Assets/Art/UI/Expand/Cross1.png using Guid(f33be78e016e4b84084ef2bc226fcce6) Importer(2089858483,0ecaa5967403d082aa24f35e1b516d23) [PhysX] Initialized MultithreadedTaskDispatcher with 12 workers.
 -> (artifact id: '7be336078f93e0491c76bc2c9167d846') in 0.024178 seconds
Number of updated asset objects reloaded before import = 0
Number of asset objects unloaded after import = 3
========================================================================
Received Import Request.
  Time since last request: 0.000015 seconds.
  path: Assets/Art/UI/MenuMap.png
  artifactKey: Guid(b013c349ebb2c4a43b794680f04d3d38) Importer(2089858483,0ecaa5967403d082aa24f35e1b516d23)
Start importing Assets/Art/UI/MenuMap.png using Guid(b013c349ebb2c4a43b794680f04d3d38) Importer(2089858483,0ecaa5967403d082aa24f35e1b516d23) [PhysX] Initialized MultithreadedTaskDispatcher with 12 workers.
 -> (artifact id: '6328e394b862d5a8a4fe856783d68ebe') in 0.025114 seconds
Number of updated asset objects reloaded before import = 0
Number of asset objects unloaded after import = 3
========================================================================
Received Import Request.
  Time since last request: 0.000013 seconds.
  path: Assets/Audio/SFX/toggle_switch.mp3
  artifactKey: Guid(98a071f07d526a140a9031ab82d3b480) Importer(2089858483,0ecaa5967403d082aa24f35e1b516d23)
Start importing Assets/Audio/SFX/toggle_switch.mp3 using Guid(98a071f07d526a140a9031ab82d3b480) Importer(2089858483,0ecaa5967403d082aa24f35e1b516d23) [PhysX] Initialized MultithreadedTaskDispatcher with 12 workers.
 -> (artifact id: 'd9675165f12648af0a52fea882b6e46f') in 0.082613 seconds
Number of updated asset objects reloaded before import = 0
Number of asset objects unloaded after import = 1
========================================================================
Received Import Request.
  Time since last request: 0.000017 seconds.
  path: Assets/Scripts/Puzzle/PuzzleTruthTable.cs
  artifactKey: Guid(f99ce95edb203a349bfe90edd34c8a87) Importer(2089858483,0ecaa5967403d082aa24f35e1b516d23)
Start importing Assets/Scripts/Puzzle/PuzzleTruthTable.cs using Guid(f99ce95edb203a349bfe90edd34c8a87) Importer(2089858483,0ecaa5967403d082aa24f35e1b516d23) [PhysX] Initialized MultithreadedTaskDispatcher with 12 workers.
 -> (artifact id: 'd62c2cda93f31b520c8889ed580331b7') in 0.007280 seconds
Number of updated asset objects reloaded before import = 0
Number of asset objects unloaded after import = 1
========================================================================
Received Import Request.
  Time since last request: 0.000016 seconds.
  path: Assets/Art/UI/Border/Puzzle/Play_hover.png
  artifactKey: Guid(78bfe24bd899d4f4db1abb5008615741) Importer(2089858483,0ecaa5967403d082aa24f35e1b516d23)
Start importing Assets/Art/UI/Border/Puzzle/Play_hover.png using Guid(78bfe24bd899d4f4db1abb5008615741) Importer(2089858483,0ecaa5967403d082aa24f35e1b516d23) [PhysX] Initialized MultithreadedTaskDispatcher with 12 workers.
 -> (artifact id: '03eb39637709810b9041e37efc496f24') in 0.024306 seconds
Number of updated asset objects reloaded before import = 0
Number of asset objects unloaded after import = 3
========================================================================
Received Import Request.
  Time since last request: 0.000018 seconds.
  path: Assets/Art/UI/Border/Comp/CompOverlay_BG.png
  artifactKey: Guid(bdfdde71f13a07e4ea12cae966a8bb56) Importer(2089858483,0ecaa5967403d082aa24f35e1b516d23)
Start importing Assets/Art/UI/Border/Comp/CompOverlay_BG.png using Guid(bdfdde71f13a07e4ea12cae966a8bb56) Importer(2089858483,0ecaa5967403d082aa24f35e1b516d23) [PhysX] Initialized MultithreadedTaskDispatcher with 12 workers.
 -> (artifact id: 'b651b16a61784a38edd7516bc7642a7f') in 0.024702 seconds
Number of updated asset objects reloaded before import = 0
Number of asset objects unloaded after import = 3
========================================================================
Received Import Request.
  Time since last request: 0.000014 seconds.
  path: Assets/Art/UI/Border/Comp/CompOverlay_active2.png
  artifactKey: Guid(e4789bf0641ffec4fa3b989672af2f0f) Importer(2089858483,0ecaa5967403d082aa24f35e1b516d23)
Start importing Assets/Art/UI/Border/Comp/CompOverlay_active2.png using Guid(e4789bf0641ffec4fa3b989672af2f0f) Importer(2089858483,0ecaa5967403d082aa24f35e1b516d23) [PhysX] Initialized MultithreadedTaskDispatcher with 12 workers.
 -> (artifact id: 'ad0254cde0a70c339b4f91f76c1975dd') in 0.024698 seconds
Number of updated asset objects reloaded before import = 0
Number of asset objects unloaded after import = 3
========================================================================
Received Import Request.
  Time since last request: 0.000017 seconds.
  path: Assets/Art/UI/Border/Puzzle/NextPuzzle_hover.png
  artifactKey: Guid(a3c9208237c872a4c8f2c05943529c63) Importer(2089858483,0ecaa5967403d082aa24f35e1b516d23)
Start importing Assets/Art/UI/Border/Puzzle/NextPuzzle_hover.png using Guid(a3c9208237c872a4c8f2c05943529c63) Importer(2089858483,0ecaa5967403d082aa24f35e1b516d23) [PhysX] Initialized MultithreadedTaskDispatcher with 12 workers.
 -> (artifact id: '790f9fc300970a83b71e96cc249e2ff4') in 0.024819 seconds
Number of updated asset objects reloaded before import = 0
Number of asset objects unloaded after import = 3
========================================================================
Received Import Request.
  Time since last request: 0.000022 seconds.
  path: Assets/Scripts/UI/Menu/MainMenu.cs
  artifactKey: Guid(7c673da01191e4db48a139ae24f76804) Importer(2089858483,0ecaa5967403d082aa24f35e1b516d23)
Start importing Assets/Scripts/UI/Menu/MainMenu.cs using Guid(7c673da01191e4db48a139ae24f76804) Importer(2089858483,0ecaa5967403d082aa24f35e1b516d23) [PhysX] Initialized MultithreadedTaskDispatcher with 12 workers.
 -> (artifact id: 'ecff8694f7e42b5d1d3406b8f56ae278') in 0.006580 seconds
Number of updated asset objects reloaded before import = 0
Number of asset objects unloaded after import = 1
========================================================================
Received Import Request.
  Time since last request: 0.000013 seconds.
  path: Assets/Art/UI/Border/Comp/Comp_BG.png
  artifactKey: Guid(a81d7baefeb39f04184ab16a0c31024c) Importer(2089858483,0ecaa5967403d082aa24f35e1b516d23)
Start importing Assets/Art/UI/Border/Comp/Comp_BG.png using Guid(a81d7baefeb39f04184ab16a0c31024c) Importer(2089858483,0ecaa5967403d082aa24f35e1b516d23) [PhysX] Initialized MultithreadedTaskDispatcher with 12 workers.
 -> (artifact id: '69972ca7474b2d71d8bc0ace502bf59c') in 0.022766 seconds
Number of updated asset objects reloaded before import = 0
Number of asset objects unloaded after import = 3
========================================================================
Received Import Request.
  Time since last request: 0.000013 seconds.
  path: Assets/Art/UI/Border/Comp/CompOverlay_active_hover.png
  artifactKey: Guid(f51af4c8585205645aee0b7ddc054547) Importer(2089858483,0ecaa5967403d082aa24f35e1b516d23)
Start importing Assets/Art/UI/Border/Comp/CompOverlay_active_hover.png using Guid(f51af4c8585205645aee0b7ddc054547) Importer(2089858483,0ecaa5967403d082aa24f35e1b516d23) [PhysX] Initialized MultithreadedTaskDispatcher with 12 workers.
 -> (artifact id: '12c7314aa0f7d7cee29186bd4082880c') in 0.026219 seconds
Number of updated asset objects reloaded before import = 0
Number of asset objects unloaded after import = 3
========================================================================
Received Import Request.
  Time since last request: 0.000017 seconds.
  path: Assets/Scripts/UI/Options/GenericsOptionsController.cs
  artifactKey: Guid(67a9e64525c6cf04ab02d77f05fa2c7a) Importer(2089858483,0ecaa5967403d082aa24f35e1b516d23)
Start importing Assets/Scripts/UI/Options/GenericsOptionsController.cs using Guid(67a9e64525c6cf04ab02d77f05fa2c7a) Importer(2089858483,0ecaa5967403d082aa24f35e1b516d23) [PhysX] Initialized MultithreadedTaskDispatcher with 12 workers.
 -> (artifact id: '6cb43eb2bea82a7be38c75eb20c96208') in 0.008199 seconds
Number of updated asset objects reloaded before import = 0
Number of asset objects unloaded after import = 1
========================================================================
Received Import Request.
  Time since last request: 0.000017 seconds.
  path: Assets/Art/UI/Border/Puzzle/BackToMenu.png
  artifactKey: Guid(58ef07893fc58f64ba0135cc04d86641) Importer(2089858483,0ecaa5967403d082aa24f35e1b516d23)
Start importing Assets/Art/UI/Border/Puzzle/BackToMenu.png using Guid(58ef07893fc58f64ba0135cc04d86641) Importer(2089858483,0ecaa5967403d082aa24f35e1b516d23) [PhysX] Initialized MultithreadedTaskDispatcher with 12 workers.
 -> (artifact id: '4d7dc9c081011e3e649f06c7d88b5a55') in 0.023451 seconds
Number of updated asset objects reloaded before import = 0
Number of asset objects unloaded after import = 3
========================================================================
Received Import Request.
  Time since last request: 0.000019 seconds.
  path: Assets/Art/UI/Border/Comp/CompOverlay.png
  artifactKey: Guid(16e0ed83211b3c54b9a6c58a4c1d2f76) Importer(2089858483,0ecaa5967403d082aa24f35e1b516d23)
Start importing Assets/Art/UI/Border/Comp/CompOverlay.png using Guid(16e0ed83211b3c54b9a6c58a4c1d2f76) Importer(2089858483,0ecaa5967403d082aa24f35e1b516d23) [PhysX] Initialized MultithreadedTaskDispatcher with 12 workers.
 -> (artifact id: 'a588851b67e3ac8c017a004af2ee4456') in 0.024028 seconds
Number of updated asset objects reloaded before import = 0
Number of asset objects unloaded after import = 3
========================================================================
Received Import Request.
  Time since last request: 0.000016 seconds.
  path: Assets/Art/UI/Border/Comp/CompOverlay_active.png
  artifactKey: Guid(dac687ecb6d88f24c828a32e928db398) Importer(2089858483,0ecaa5967403d082aa24f35e1b516d23)
Start importing Assets/Art/UI/Border/Comp/CompOverlay_active.png using Guid(dac687ecb6d88f24c828a32e928db398) Importer(2089858483,0ecaa5967403d082aa24f35e1b516d23) [PhysX] Initialized MultithreadedTaskDispatcher with 12 workers.
 -> (artifact id: '2b831cfb5c74fba75e71c94c513fbd18') in 0.024814 seconds
Number of updated asset objects reloaded before import = 0
Number of asset objects unloaded after import = 3
========================================================================
Received Import Request.
  Time since last request: 0.000019 seconds.
  path: Assets/Art/UI/Border/Comp/Comp_title 1.png
  artifactKey: Guid(1b817999e3677ea43a875745a941f5a8) Importer(2089858483,0ecaa5967403d082aa24f35e1b516d23)
Start importing Assets/Art/UI/Border/Comp/Comp_title 1.png using Guid(1b817999e3677ea43a875745a941f5a8) Importer(2089858483,0ecaa5967403d082aa24f35e1b516d23) [PhysX] Initialized MultithreadedTaskDispatcher with 12 workers.
 -> (artifact id: '76ffa47080afbb2e3d753be4da121e77') in 0.024253 seconds
Number of updated asset objects reloaded before import = 0
Number of asset objects unloaded after import = 3
========================================================================
Received Import Request.
  Time since last request: 0.000018 seconds.
  path: Assets/Art/UI/Border/Puzzle/Retry.png
  artifactKey: Guid(3873399254eac9e438f5d367ec639830) Importer(2089858483,0ecaa5967403d082aa24f35e1b516d23)
Start importing Assets/Art/UI/Border/Puzzle/Retry.png using Guid(3873399254eac9e438f5d367ec639830) Importer(2089858483,0ecaa5967403d082aa24f35e1b516d23) [PhysX] Initialized MultithreadedTaskDispatcher with 12 workers.
 -> (artifact id: '30f64fa518162834156a0e61b48c954e') in 0.025406 seconds
Number of updated asset objects reloaded before import = 0
Number of asset objects unloaded after import = 3
========================================================================
Received Import Request.
  Time since last request: 0.000029 seconds.
  path: Assets/Art/UI/Border/Puzzle/Step2.png
  artifactKey: Guid(29c43d2f797b1e24eb1e6efde8c9f0f6) Importer(2089858483,0ecaa5967403d082aa24f35e1b516d23)
Start importing Assets/Art/UI/Border/Puzzle/Step2.png using Guid(29c43d2f797b1e24eb1e6efde8c9f0f6) Importer(2089858483,0ecaa5967403d082aa24f35e1b516d23) [PhysX] Initialized MultithreadedTaskDispatcher with 12 workers.
 -> (artifact id: 'f32d8d3b1f37838eb2d8d8ecb2b9bcf0') in 0.024005 seconds
Number of updated asset objects reloaded before import = 0
Number of asset objects unloaded after import = 3
========================================================================
Received Import Request.
  Time since last request: 0.000022 seconds.
  path: Assets/Art/UI/Border/Comp/CompOverlay_hover2.png
  artifactKey: Guid(9ea8f2d4afa2d9e4da5ed4aea84ff030) Importer(2089858483,0ecaa5967403d082aa24f35e1b516d23)
Start importing Assets/Art/UI/Border/Comp/CompOverlay_hover2.png using Guid(9ea8f2d4afa2d9e4da5ed4aea84ff030) Importer(2089858483,0ecaa5967403d082aa24f35e1b516d23) [PhysX] Initialized MultithreadedTaskDispatcher with 12 workers.
 -> (artifact id: '0fe0ca0b24a619ce41afdd697f4ba656') in 0.031093 seconds
Number of updated asset objects reloaded before import = 0
Number of asset objects unloaded after import = 3
========================================================================
Received Import Request.
  Time since last request: 0.000025 seconds.
  path: Assets/Art/UI/Border/Comp/PlayerComp.png
  artifactKey: Guid(5db474f74e1f8974c8f653d5b9ecb421) Importer(2089858483,0ecaa5967403d082aa24f35e1b516d23)
Start importing Assets/Art/UI/Border/Comp/PlayerComp.png using Guid(5db474f74e1f8974c8f653d5b9ecb421) Importer(2089858483,0ecaa5967403d082aa24f35e1b516d23) [PhysX] Initialized MultithreadedTaskDispatcher with 12 workers.
 -> (artifact id: '733361febd3729dedd903bc31beb71f3') in 0.026212 seconds
Number of updated asset objects reloaded before import = 0
Number of asset objects unloaded after import = 3
========================================================================
Received Import Request.
  Time since last request: 0.000016 seconds.
  path: Assets/Scripts/UI/Options/ControlsOptionsController.cs
  artifactKey: Guid(a1f219586769f3a42907f2a0654aee58) Importer(2089858483,0ecaa5967403d082aa24f35e1b516d23)
Start importing Assets/Scripts/UI/Options/ControlsOptionsController.cs using Guid(a1f219586769f3a42907f2a0654aee58) Importer(2089858483,0ecaa5967403d082aa24f35e1b516d23) [PhysX] Initialized MultithreadedTaskDispatcher with 12 workers.
 -> (artifact id: 'fad4bd99178456e24c760ba37fe25046') in 0.007305 seconds
Number of updated asset objects reloaded before import = 0
Number of asset objects unloaded after import = 1
========================================================================
Received Import Request.
  Time since last request: 0.000014 seconds.
  path: Assets/Scripts/UI/Options/OptionController.cs
  artifactKey: Guid(bf161371d9851bb489bbfdfed5afe8f5) Importer(2089858483,0ecaa5967403d082aa24f35e1b516d23)
Start importing Assets/Scripts/UI/Options/OptionController.cs using Guid(bf161371d9851bb489bbfdfed5afe8f5) Importer(2089858483,0ecaa5967403d082aa24f35e1b516d23) [PhysX] Initialized MultithreadedTaskDispatcher with 12 workers.
 -> (artifact id: '00d61b1ef03fe2296b866dd9d4c8ed15') in 0.007462 seconds
Number of updated asset objects reloaded before import = 0
Number of asset objects unloaded after import = 1
========================================================================
Received Import Request.
  Time since last request: 0.000014 seconds.
  path: Assets/Art/UI/Border/Puzzle/info_hover.png
  artifactKey: Guid(a6f9bec3a1c33c147ac80a3c95521fe7) Importer(2089858483,0ecaa5967403d082aa24f35e1b516d23)
Start importing Assets/Art/UI/Border/Puzzle/info_hover.png using Guid(a6f9bec3a1c33c147ac80a3c95521fe7) Importer(2089858483,0ecaa5967403d082aa24f35e1b516d23) [PhysX] Initialized MultithreadedTaskDispatcher with 12 workers.
 -> (artifact id: '6ca0c34093fe2d5c4d5e700fb2a3d377') in 0.024134 seconds
Number of updated asset objects reloaded before import = 0
Number of asset objects unloaded after import = 3
========================================================================
Received Import Request.
  Time since last request: 0.000015 seconds.
  path: Assets/Art/UI/Border/Puzzle/Step.png
  artifactKey: Guid(6e5db84466776c545bd852d29a5312a7) Importer(2089858483,0ecaa5967403d082aa24f35e1b516d23)
Start importing Assets/Art/UI/Border/Puzzle/Step.png using Guid(6e5db84466776c545bd852d29a5312a7) Importer(2089858483,0ecaa5967403d082aa24f35e1b516d23) [PhysX] Initialized MultithreadedTaskDispatcher with 12 workers.
 -> (artifact id: '9a8b06e8db8c9790b833136333847f53') in 0.023764 seconds
Number of updated asset objects reloaded before import = 0
Number of asset objects unloaded after import = 3
========================================================================
Received Import Request.
  Time since last request: 0.000019 seconds.
  path: Assets/Art/UI/Border/Puzzle/ArrowLeft.png
  artifactKey: Guid(ef9ac971fe2237f4581fcb4e505696f5) Importer(2089858483,0ecaa5967403d082aa24f35e1b516d23)
Start importing Assets/Art/UI/Border/Puzzle/ArrowLeft.png using Guid(ef9ac971fe2237f4581fcb4e505696f5) Importer(2089858483,0ecaa5967403d082aa24f35e1b516d23) [PhysX] Initialized MultithreadedTaskDispatcher with 12 workers.
 -> (artifact id: '2aea4f117a8f7026ca22667309579952') in 0.024537 seconds
Number of updated asset objects reloaded before import = 0
Number of asset objects unloaded after import = 3
========================================================================
Received Import Request.
  Time since last request: 0.000021 seconds.
  path: Assets/Art/UI/Border/Comp/Comp_hover.png
  artifactKey: Guid(92c80f815f0b52345bb2740c3bb1d7a0) Importer(2089858483,0ecaa5967403d082aa24f35e1b516d23)
Start importing Assets/Art/UI/Border/Comp/Comp_hover.png using Guid(92c80f815f0b52345bb2740c3bb1d7a0) Importer(2089858483,0ecaa5967403d082aa24f35e1b516d23) [PhysX] Initialized MultithreadedTaskDispatcher with 12 workers.
 -> (artifact id: '70acea6691ce26a438e9c4172cde968d') in 0.023849 seconds
Number of updated asset objects reloaded before import = 0
Number of asset objects unloaded after import = 3
========================================================================
Received Import Request.
  Time since last request: 0.000022 seconds.
  path: Assets/Scripts/UI/Menu/SandboxController.cs
  artifactKey: Guid(4bfbb96a59185ec44854d259056db434) Importer(2089858483,0ecaa5967403d082aa24f35e1b516d23)
Start importing Assets/Scripts/UI/Menu/SandboxController.cs using Guid(4bfbb96a59185ec44854d259056db434) Importer(2089858483,0ecaa5967403d082aa24f35e1b516d23) [PhysX] Initialized MultithreadedTaskDispatcher with 12 workers.
 -> (artifact id: 'd921cb71e7eebb592fadff9e4aac8aea') in 0.008500 seconds
Number of updated asset objects reloaded before import = 0
Number of asset objects unloaded after import = 1
========================================================================
Received Import Request.
  Time since last request: 0.000018 seconds.
  path: Assets/Art/UI/Border/Comp/PlayerComp_hover.png
  artifactKey: Guid(dcfa566626d402c4eaa2087d7f96fd4f) Importer(2089858483,0ecaa5967403d082aa24f35e1b516d23)
Start importing Assets/Art/UI/Border/Comp/PlayerComp_hover.png using Guid(dcfa566626d402c4eaa2087d7f96fd4f) Importer(2089858483,0ecaa5967403d082aa24f35e1b516d23) [PhysX] Initialized MultithreadedTaskDispatcher with 12 workers.
 -> (artifact id: 'b1e3a2f931fef25a4849d4fe0f0e1aa3') in 0.023254 seconds
Number of updated asset objects reloaded before import = 0
Number of asset objects unloaded after import = 3
========================================================================
Received Import Request.
  Time since last request: 0.000014 seconds.
  path: Assets/Art/UI/Menu/Puzzle/PuzzlePick_completed3.png
  artifactKey: Guid(6b8f34b20dd1cd4428903523f2eab3c2) Importer(2089858483,0ecaa5967403d082aa24f35e1b516d23)
Start importing Assets/Art/UI/Menu/Puzzle/PuzzlePick_completed3.png using Guid(6b8f34b20dd1cd4428903523f2eab3c2) Importer(2089858483,0ecaa5967403d082aa24f35e1b516d23) [PhysX] Initialized MultithreadedTaskDispatcher with 12 workers.
 -> (artifact id: 'aff689dc23f6c70ca97476ff9f8f00df') in 0.025462 seconds
Number of updated asset objects reloaded before import = 0
Number of asset objects unloaded after import = 3
========================================================================
Received Import Request.
  Time since last request: 0.000016 seconds.
  path: Assets/Standard Assets/Effects/GlassRefraction/Textures/GlassStainedAlbedo.tif
  artifactKey: Guid(19555d7d9d114c7f1100f5ab44295342) Importer(2089858483,0ecaa5967403d082aa24f35e1b516d23)
Start importing Assets/Standard Assets/Effects/GlassRefraction/Textures/GlassStainedAlbedo.tif using Guid(19555d7d9d114c7f1100f5ab44295342) Importer(2089858483,0ecaa5967403d082aa24f35e1b516d23) [PhysX] Initialized MultithreadedTaskDispatcher with 12 workers.
 -> (artifact id: 'c2d20e42260128d0355df82190c3bc3e') in 0.021234 seconds
Number of updated asset objects reloaded before import = 0
Number of asset objects unloaded after import = 1
========================================================================
Received Import Request.
  Time since last request: 0.000023 seconds.
  path: Assets/Art/UI/Menu/Sandbox/Back_hover.png
  artifactKey: Guid(d384eec73639d9f4da6cc23ce40df76c) Importer(2089858483,0ecaa5967403d082aa24f35e1b516d23)
Start importing Assets/Art/UI/Menu/Sandbox/Back_hover.png using Guid(d384eec73639d9f4da6cc23ce40df76c) Importer(2089858483,0ecaa5967403d082aa24f35e1b516d23) [PhysX] Initialized MultithreadedTaskDispatcher with 12 workers.
 -> (artifact id: 'c070e577a22af5d5ca1d8917826ac6c5') in 0.025079 seconds
Number of updated asset objects reloaded before import = 0
Number of asset objects unloaded after import = 3
========================================================================
Received Import Request.
  Time since last request: 0.000029 seconds.
  path: Assets/Art/UI/Border/Puzzle/TruthTable_hover2.png
  artifactKey: Guid(da9a40570ce74c6469c7573d74f10feb) Importer(2089858483,0ecaa5967403d082aa24f35e1b516d23)
Start importing Assets/Art/UI/Border/Puzzle/TruthTable_hover2.png using Guid(da9a40570ce74c6469c7573d74f10feb) Importer(2089858483,0ecaa5967403d082aa24f35e1b516d23) [PhysX] Initialized MultithreadedTaskDispatcher with 12 workers.
 -> (artifact id: '31937dc10827f9a895aba6c2487d7a6e') in 0.027241 seconds
Number of updated asset objects reloaded before import = 0
Number of asset objects unloaded after import = 3
========================================================================
Received Import Request.
  Time since last request: 0.000018 seconds.
  path: Assets/Art/UI/Menu/Sandbox/Delete_hover.png
  artifactKey: Guid(7599e027ea3fe5f4d85f1821c8663fdc) Importer(2089858483,0ecaa5967403d082aa24f35e1b516d23)
Start importing Assets/Art/UI/Menu/Sandbox/Delete_hover.png using Guid(7599e027ea3fe5f4d85f1821c8663fdc) Importer(2089858483,0ecaa5967403d082aa24f35e1b516d23) [PhysX] Initialized MultithreadedTaskDispatcher with 12 workers.
 -> (artifact id: '7fd28b8e0733cb093df3b9213b03fc57') in 0.026614 seconds
Number of updated asset objects reloaded before import = 0
Number of asset objects unloaded after import = 3
========================================================================
Received Import Request.
  Time since last request: 0.000014 seconds.
  path: Assets/Art/UI/Border/System/WorldOptions3_hover.png
  artifactKey: Guid(c91104d0d45b62549b385f603c149a12) Importer(2089858483,0ecaa5967403d082aa24f35e1b516d23)
Start importing Assets/Art/UI/Border/System/WorldOptions3_hover.png using Guid(c91104d0d45b62549b385f603c149a12) Importer(2089858483,0ecaa5967403d082aa24f35e1b516d23) [PhysX] Initialized MultithreadedTaskDispatcher with 12 workers.
 -> (artifact id: 'c612991dc873f9c2ca15ae41377956ed') in 0.027652 seconds
Number of updated asset objects reloaded before import = 0
Number of asset objects unloaded after import = 3
========================================================================
Received Import Request.
  Time since last request: 0.000021 seconds.
  path: Assets/Art/UI/Border/System/Save2_hover.png
  artifactKey: Guid(ac1e2c1a01882bf4aafbecae8d1bf143) Importer(2089858483,0ecaa5967403d082aa24f35e1b516d23)
Start importing Assets/Art/UI/Border/System/Save2_hover.png using Guid(ac1e2c1a01882bf4aafbecae8d1bf143) Importer(2089858483,0ecaa5967403d082aa24f35e1b516d23) [PhysX] Initialized MultithreadedTaskDispatcher with 12 workers.
 -> (artifact id: 'b642ded06812e0d78e7204bae3eefe22') in 0.023532 seconds
Number of updated asset objects reloaded before import = 0
Number of asset objects unloaded after import = 3
========================================================================
Received Import Request.
  Time since last request: 0.000015 seconds.
  path: Assets/Standard Assets/Effects/GlassRefraction/Shaders/GlassStainedBumpDistort.shader
  artifactKey: Guid(963484209d11fd7f110076aa44295342) Importer(2089858483,0ecaa5967403d082aa24f35e1b516d23)
Start importing Assets/Standard Assets/Effects/GlassRefraction/Shaders/GlassStainedBumpDistort.shader using Guid(963484209d11fd7f110076aa44295342) Importer(2089858483,0ecaa5967403d082aa24f35e1b516d23) [PhysX] Initialized MultithreadedTaskDispatcher with 12 workers.
 -> (artifact id: 'cb416fdb81570676dbc2e2104167a051') in 0.013935 seconds
Number of updated asset objects reloaded before import = 0
Number of asset objects unloaded after import = 1
========================================================================
Received Import Request.
  Time since last request: 0.000026 seconds.
  path: Assets/Art/UI/Menu/Puzzle/PuzzleNextWorld_hover.png
  artifactKey: Guid(d173b1bc8623c6f49b99f6f8f35bce97) Importer(2089858483,0ecaa5967403d082aa24f35e1b516d23)
Start importing Assets/Art/UI/Menu/Puzzle/PuzzleNextWorld_hover.png using Guid(d173b1bc8623c6f49b99f6f8f35bce97) Importer(2089858483,0ecaa5967403d082aa24f35e1b516d23) [PhysX] Initialized MultithreadedTaskDispatcher with 12 workers.
 -> (artifact id: 'baaaa37e5a942c1391bec0c32e81cadb') in 0.025989 seconds
Number of updated asset objects reloaded before import = 0
Number of asset objects unloaded after import = 3
========================================================================
Received Import Request.
  Time since last request: 0.000014 seconds.
  path: Assets/Art/UI/Border/System/Save2.png
  artifactKey: Guid(55a14953eee908946a73eac9a70921e1) Importer(2089858483,0ecaa5967403d082aa24f35e1b516d23)
Start importing Assets/Art/UI/Border/System/Save2.png using Guid(55a14953eee908946a73eac9a70921e1) Importer(2089858483,0ecaa5967403d082aa24f35e1b516d23) [PhysX] Initialized MultithreadedTaskDispatcher with 12 workers.
 -> (artifact id: '9d37e14bb43c3e79313f84dc669c09f5') in 0.024392 seconds
Number of updated asset objects reloaded before import = 0
Number of asset objects unloaded after import = 3
========================================================================
Received Import Request.
  Time since last request: 0.000015 seconds.
  path: Assets/Art/UI/Menu/Sandbox/Play.png
  artifactKey: Guid(e402df21e4b9f7a40b083b7194c943b5) Importer(2089858483,0ecaa5967403d082aa24f35e1b516d23)
Start importing Assets/Art/UI/Menu/Sandbox/Play.png using Guid(e402df21e4b9f7a40b083b7194c943b5) Importer(2089858483,0ecaa5967403d082aa24f35e1b516d23) [PhysX] Initialized MultithreadedTaskDispatcher with 12 workers.
 -> (artifact id: '13f3f4cba6d087a231c384d6a16a1998') in 0.022896 seconds
Number of updated asset objects reloaded before import = 0
Number of asset objects unloaded after import = 3
========================================================================
Received Import Request.
  Time since last request: 0.000016 seconds.
  path: Assets/Art/UI/Menu/Sandbox/Delete_hover2.png
  artifactKey: Guid(a2025980e75db544cbe98d7c336bfa10) Importer(2089858483,0ecaa5967403d082aa24f35e1b516d23)
Start importing Assets/Art/UI/Menu/Sandbox/Delete_hover2.png using Guid(a2025980e75db544cbe98d7c336bfa10) Importer(2089858483,0ecaa5967403d082aa24f35e1b516d23) [PhysX] Initialized MultithreadedTaskDispatcher with 12 workers.
 -> (artifact id: '3e1d47790e78b8f44735725c4d7e2f6e') in 0.024337 seconds
Number of updated asset objects reloaded before import = 0
Number of asset objects unloaded after import = 3
========================================================================
Received Import Request.
  Time since last request: 0.000019 seconds.
  path: Assets/Art/UI/Border/Puzzle/Step_hover.png
  artifactKey: Guid(9e083d38f0bc1f841834269a067964ad) Importer(2089858483,0ecaa5967403d082aa24f35e1b516d23)
Start importing Assets/Art/UI/Border/Puzzle/Step_hover.png using Guid(9e083d38f0bc1f841834269a067964ad) Importer(2089858483,0ecaa5967403d082aa24f35e1b516d23) [PhysX] Initialized MultithreadedTaskDispatcher with 12 workers.
 -> (artifact id: '57a09309024f0edf5764791eea3a00fa') in 0.021891 seconds
Number of updated asset objects reloaded before import = 0
Number of asset objects unloaded after import = 3
========================================================================
Received Import Request.
  Time since last request: 0.000023 seconds.
  path: Assets/Art/UI/Menu/Puzzle/PuzzlePick.png
  artifactKey: Guid(a1286f1eb19e94f4c9ce24b1c6c227b7) Importer(2089858483,0ecaa5967403d082aa24f35e1b516d23)
Start importing Assets/Art/UI/Menu/Puzzle/PuzzlePick.png using Guid(a1286f1eb19e94f4c9ce24b1c6c227b7) Importer(2089858483,0ecaa5967403d082aa24f35e1b516d23) [PhysX] Initialized MultithreadedTaskDispatcher with 12 workers.
 -> (artifact id: 'd03d4007f135fdaa9211c2d2c7e630e4') in 0.025390 seconds
Number of updated asset objects reloaded before import = 0
Number of asset objects unloaded after import = 3
========================================================================
Received Import Request.
  Time since last request: 0.000017 seconds.
  path: Assets/Art/UI/Menu/Puzzle/PuzzlePick_completed.png
  artifactKey: Guid(3da3da61978880f459154d043b3215a1) Importer(2089858483,0ecaa5967403d082aa24f35e1b516d23)
Start importing Assets/Art/UI/Menu/Puzzle/PuzzlePick_completed.png using Guid(3da3da61978880f459154d043b3215a1) Importer(2089858483,0ecaa5967403d082aa24f35e1b516d23) [PhysX] Initialized MultithreadedTaskDispatcher with 12 workers.
 -> (artifact id: '0bb9c5209101042843433e91c6351106') in 0.025130 seconds
Number of updated asset objects reloaded before import = 0
Number of asset objects unloaded after import = 3
========================================================================
Received Import Request.
  Time since last request: 0.000015 seconds.
  path: Assets/Art/UI/Border/System/WorldOptions3_hover2.png
  artifactKey: Guid(57d07b0db1bd4bf4bb172480ce224204) Importer(2089858483,0ecaa5967403d082aa24f35e1b516d23)
Start importing Assets/Art/UI/Border/System/WorldOptions3_hover2.png using Guid(57d07b0db1bd4bf4bb172480ce224204) Importer(2089858483,0ecaa5967403d082aa24f35e1b516d23) [PhysX] Initialized MultithreadedTaskDispatcher with 12 workers.
 -> (artifact id: 'e2246c8c0fcbc0eaf45550d341f4e2d8') in 0.022901 seconds
Number of updated asset objects reloaded before import = 0
Number of asset objects unloaded after import = 3
========================================================================
Received Import Request.
  Time since last request: 0.000016 seconds.
  path: Assets/Art/UI/Menu/Sandbox/Back.png
  artifactKey: Guid(e18a03b8359b443408394f10b1f2a710) Importer(2089858483,0ecaa5967403d082aa24f35e1b516d23)
Start importing Assets/Art/UI/Menu/Sandbox/Back.png using Guid(e18a03b8359b443408394f10b1f2a710) Importer(2089858483,0ecaa5967403d082aa24f35e1b516d23) [PhysX] Initialized MultithreadedTaskDispatcher with 12 workers.
 -> (artifact id: 'd689bca042cfb3b38d85ce8fd80392af') in 0.022849 seconds
Number of updated asset objects reloaded before import = 0
Number of asset objects unloaded after import = 3
========================================================================
Received Import Request.
  Time since last request: 0.000017 seconds.
  path: Assets/Art/UI/Border/System/Options3_hover.png
  artifactKey: Guid(1c06bf7f77ace5c45b0f7b21062f4939) Importer(2089858483,0ecaa5967403d082aa24f35e1b516d23)
Start importing Assets/Art/UI/Border/System/Options3_hover.png using Guid(1c06bf7f77ace5c45b0f7b21062f4939) Importer(2089858483,0ecaa5967403d082aa24f35e1b516d23) [PhysX] Initialized MultithreadedTaskDispatcher with 12 workers.
 -> (artifact id: 'cefb68e9896c50ed02d472ae559b9cd5') in 0.023526 seconds
Number of updated asset objects reloaded before import = 0
Number of asset objects unloaded after import = 3
========================================================================
Received Import Request.
  Time since last request: 0.000016 seconds.
  path: Assets/Art/UI/Border/System/Save2_disabled.png
  artifactKey: Guid(c573aca462f75444ba91eb641f2c7a4d) Importer(2089858483,0ecaa5967403d082aa24f35e1b516d23)
Start importing Assets/Art/UI/Border/System/Save2_disabled.png using Guid(c573aca462f75444ba91eb641f2c7a4d) Importer(2089858483,0ecaa5967403d082aa24f35e1b516d23) [PhysX] Initialized MultithreadedTaskDispatcher with 12 workers.
 -> (artifact id: '89b972502fb9266dcfed777ccc48c93f') in 0.023804 seconds
Number of updated asset objects reloaded before import = 0
Number of asset objects unloaded after import = 3
========================================================================
Received Import Request.
  Time since last request: 0.000015 seconds.
  path: Assets/Art/UI/Menu/Sandbox/Play_disabled.png
  artifactKey: Guid(1cc6accd5dbd447498c1f29bfd9565f9) Importer(2089858483,0ecaa5967403d082aa24f35e1b516d23)
Start importing Assets/Art/UI/Menu/Sandbox/Play_disabled.png using Guid(1cc6accd5dbd447498c1f29bfd9565f9) Importer(2089858483,0ecaa5967403d082aa24f35e1b516d23) [PhysX] Initialized MultithreadedTaskDispatcher with 12 workers.
 -> (artifact id: 'a629bddff738010c7329beba494be7fa') in 0.023200 seconds
Number of updated asset objects reloaded before import = 0
Number of asset objects unloaded after import = 3
========================================================================
Received Import Request.
  Time since last request: 0.000015 seconds.
  path: Assets/Standard Assets/Effects/LightCookies/Textures/FlashlightCookie.tif
  artifactKey: Guid(2c29c08dd1c0b6749b7cd0fcff7a29fd) Importer(2089858483,0ecaa5967403d082aa24f35e1b516d23)
Start importing Assets/Standard Assets/Effects/LightCookies/Textures/FlashlightCookie.tif using Guid(2c29c08dd1c0b6749b7cd0fcff7a29fd) Importer(2089858483,0ecaa5967403d082aa24f35e1b516d23) [PhysX] Initialized MultithreadedTaskDispatcher with 12 workers.
 -> (artifact id: 'a359d91cfa5a9ede778fdfbcbd0ca560') in 0.024225 seconds
Number of updated asset objects reloaded before import = 0
Number of asset objects unloaded after import = 1
========================================================================
Received Import Request.
  Time since last request: 0.000014 seconds.
  path: Assets/Standard Assets/Effects/LightFlares/Textures/FlareStar.psd
  artifactKey: Guid(51dc82ef9d11c594d000e7c9e39e7c39) Importer(2089858483,0ecaa5967403d082aa24f35e1b516d23)
Start importing Assets/Standard Assets/Effects/LightFlares/Textures/FlareStar.psd using Guid(51dc82ef9d11c594d000e7c9e39e7c39) Importer(2089858483,0ecaa5967403d082aa24f35e1b516d23) [PhysX] Initialized MultithreadedTaskDispatcher with 12 workers.
 -> (artifact id: '2777abc76da83aacb5279ce172700942') in 0.022178 seconds
Number of updated asset objects reloaded before import = 0
Number of asset objects unloaded after import = 1
========================================================================
Received Import Request.
  Time since last request: 0.000018 seconds.
  path: Assets/Standard Assets/Effects/TessellationShaders/Shaders/BumpedSpecularSmooth.shader
  artifactKey: Guid(3954501323f24464f9e4418c78d8e8ce) Importer(2089858483,0ecaa5967403d082aa24f35e1b516d23)
Start importing Assets/Standard Assets/Effects/TessellationShaders/Shaders/BumpedSpecularSmooth.shader using Guid(3954501323f24464f9e4418c78d8e8ce) Importer(2089858483,0ecaa5967403d082aa24f35e1b516d23) [PhysX] Initialized MultithreadedTaskDispatcher with 12 workers.
 -> (artifact id: '28d64db426f69b795610070f8cc025a3') in 0.008521 seconds
Number of updated asset objects reloaded before import = 0
Number of asset objects unloaded after import = 1
========================================================================
Received Import Request.
  Time since last request: 0.000029 seconds.
  path: Assets/Standard Assets/Effects/LightFlares/Flares/Sun.flare
  artifactKey: Guid(09ebe82dbd1113c3d000dc0b8d76c639) Importer(2089858483,0ecaa5967403d082aa24f35e1b516d23)
Start importing Assets/Standard Assets/Effects/LightFlares/Flares/Sun.flare using Guid(09ebe82dbd1113c3d000dc0b8d76c639) Importer(2089858483,0ecaa5967403d082aa24f35e1b516d23) [PhysX] Initialized MultithreadedTaskDispatcher with 12 workers.
 -> (artifact id: '0435773d413725dc25ef93dfa24555fc') in 0.006464 seconds
Number of updated asset objects reloaded before import = 0
Number of asset objects unloaded after import = 2
========================================================================
Received Import Request.
  Time since last request: 0.000019 seconds.
  path: Assets/Standard Assets/Effects/TessellationShaders/Textures/CliffHeight.png
  artifactKey: Guid(17da6d53ec93a0444bd0f751b1d02477) Importer(2089858483,0ecaa5967403d082aa24f35e1b516d23)
Start importing Assets/Standard Assets/Effects/TessellationShaders/Textures/CliffHeight.png using Guid(17da6d53ec93a0444bd0f751b1d02477) Importer(2089858483,0ecaa5967403d082aa24f35e1b516d23) [PhysX] Initialized MultithreadedTaskDispatcher with 12 workers.
 -> (artifact id: 'dfa21c5306a77c64ef69b95f9a207fac') in 0.021932 seconds
Number of updated asset objects reloaded before import = 0
Number of asset objects unloaded after import = 1
========================================================================
Received Import Request.
  Time since last request: 0.000019 seconds.
  path: Assets/Standard Assets/Effects/Projectors/Textures/Falloff.psd
  artifactKey: Guid(23740055e2b119e40a939138ab8070f8) Importer(2089858483,0ecaa5967403d082aa24f35e1b516d23)
Start importing Assets/Standard Assets/Effects/Projectors/Textures/Falloff.psd using Guid(23740055e2b119e40a939138ab8070f8) Importer(2089858483,0ecaa5967403d082aa24f35e1b516d23) [PhysX] Initialized MultithreadedTaskDispatcher with 12 workers.
 -> (artifact id: 'fbd843101d5a042dc7bf1918cd8ca7eb') in 0.024351 seconds
Number of updated asset objects reloaded before import = 0
Number of asset objects unloaded after import = 1
========================================================================
Received Import Request.
  Time since last request: 0.000017 seconds.
  path: Assets/Standard Assets/Effects/ToonShading/Materials/ToonLitOutline.mat
  artifactKey: Guid(5d69df9d9d11e49d110086ba44295342) Importer(2089858483,0ecaa5967403d082aa24f35e1b516d23)
Start importing Assets/Standard Assets/Effects/ToonShading/Materials/ToonLitOutline.mat using Guid(5d69df9d9d11e49d110086ba44295342) Importer(2089858483,0ecaa5967403d082aa24f35e1b516d23) [PhysX] Initialized MultithreadedTaskDispatcher with 12 workers.
 -> (artifact id: '09507f672791fea3d2607af694b8705e') in 0.046380 seconds
Number of updated asset objects reloaded before import = 0
Number of asset objects unloaded after import = 4
========================================================================
Received Import Request.
  Time since last request: 0.000014 seconds.
  path: Assets/Standard Assets/Effects/ToonShading/Materials/ToonLit.mat
  artifactKey: Guid(c9e6294c9d11cb8d11006bf944295342) Importer(2089858483,0ecaa5967403d082aa24f35e1b516d23)
Start importing Assets/Standard Assets/Effects/ToonShading/Materials/ToonLit.mat using Guid(c9e6294c9d11cb8d11006bf944295342) Importer(2089858483,0ecaa5967403d082aa24f35e1b516d23) [PhysX] Initialized MultithreadedTaskDispatcher with 12 workers.
 -> (artifact id: '5204b614372207140ab4be72913eda0d') in 0.007663 seconds
Number of updated asset objects reloaded before import = 0
Number of asset objects unloaded after import = 2
========================================================================
Received Import Request.
  Time since last request: 0.000019 seconds.
  path: Assets/Standard Assets/Effects/TessellationShaders/Textures/CliffNormals.png
  artifactKey: Guid(e08c295755c0885479ad19f518286ff2) Importer(2089858483,0ecaa5967403d082aa24f35e1b516d23)
Start importing Assets/Standard Assets/Effects/TessellationShaders/Textures/CliffNormals.png using Guid(e08c295755c0885479ad19f518286ff2) Importer(2089858483,0ecaa5967403d082aa24f35e1b516d23) [PhysX] Initialized MultithreadedTaskDispatcher with 12 workers.
 -> (artifact id: '87a320a8c882aaf52fe63d894d419355') in 0.020228 seconds
Number of updated asset objects reloaded before import = 0
Number of asset objects unloaded after import = 1
========================================================================
Received Import Request.
  Time since last request: 0.000015 seconds.
  path: Assets/Standard Assets/Effects/LightFlares/Textures/Flare50mm.psd
  artifactKey: Guid(23a02ac18d11c9ffa0009c58a8ad6659) Importer(2089858483,0ecaa5967403d082aa24f35e1b516d23)
Start importing Assets/Standard Assets/Effects/LightFlares/Textures/Flare50mm.psd using Guid(23a02ac18d11c9ffa0009c58a8ad6659) Importer(2089858483,0ecaa5967403d082aa24f35e1b516d23) [PhysX] Initialized MultithreadedTaskDispatcher with 12 workers.
 -> (artifact id: '7d82637a5b45f0079851eb756f5cba5b') in 0.020386 seconds
Number of updated asset objects reloaded before import = 0
Number of asset objects unloaded after import = 1
========================================================================
Received Import Request.
  Time since last request: 0.000016 seconds.
  path: Assets/Standard Assets/Effects/Projectors/Textures/Shadow.psd
  artifactKey: Guid(68386fc9897223346a683105b4dc1662) Importer(2089858483,0ecaa5967403d082aa24f35e1b516d23)
Start importing Assets/Standard Assets/Effects/Projectors/Textures/Shadow.psd using Guid(68386fc9897223346a683105b4dc1662) Importer(2089858483,0ecaa5967403d082aa24f35e1b516d23) [PhysX] Initialized MultithreadedTaskDispatcher with 12 workers.
 -> (artifact id: '910b9290cf87e74f220c2113433c0075') in 0.023015 seconds
Number of updated asset objects reloaded before import = 0
Number of asset objects unloaded after import = 1
========================================================================
Received Import Request.
  Time since last request: 0.000022 seconds.
  path: Assets/Art/UI/Border/Puzzle/Step4.png
  artifactKey: Guid(58b8cb7cb6154d6489c718e5f3d69d95) Importer(2089858483,0ecaa5967403d082aa24f35e1b516d23)
Start importing Assets/Art/UI/Border/Puzzle/Step4.png using Guid(58b8cb7cb6154d6489c718e5f3d69d95) Importer(2089858483,0ecaa5967403d082aa24f35e1b516d23) [PhysX] Initialized MultithreadedTaskDispatcher with 12 workers.
 -> (artifact id: 'ce35f637f4816fcfc8e52767d7c771ef') in 0.024823 seconds
Number of updated asset objects reloaded before import = 0
Number of asset objects unloaded after import = 3
========================================================================
Received Import Request.
  Time since last request: 0.000063 seconds.
  path: Assets/Art/UI/Menu/Sandbox/Play_hover.png
  artifactKey: Guid(ba66f38ee3b492646b53d4bbce2831d3) Importer(2089858483,0ecaa5967403d082aa24f35e1b516d23)
Start importing Assets/Art/UI/Menu/Sandbox/Play_hover.png using Guid(ba66f38ee3b492646b53d4bbce2831d3) Importer(2089858483,0ecaa5967403d082aa24f35e1b516d23) [PhysX] Initialized MultithreadedTaskDispatcher with 12 workers.
 -> (artifact id: '43f43bcbc1c7592611229dfcda8ea26a') in 0.024393 seconds
Number of updated asset objects reloaded before import = 0
Number of asset objects unloaded after import = 3
========================================================================
Received Import Request.
  Time since last request: 0.000021 seconds.
  path: Assets/Art/UI/Border/Puzzle/ProblemSolved0000.png
  artifactKey: Guid(0b9229b504d282545b3393eb32663d67) Importer(2089858483,0ecaa5967403d082aa24f35e1b516d23)
Start importing Assets/Art/UI/Border/Puzzle/ProblemSolved0000.png using Guid(0b9229b504d282545b3393eb32663d67) Importer(2089858483,0ecaa5967403d082aa24f35e1b516d23) [PhysX] Initialized MultithreadedTaskDispatcher with 12 workers.
 -> (artifact id: '1e49eae3b360ce0c25bef62eb54b1775') in 0.028321 seconds
Number of updated asset objects reloaded before import = 0
Number of asset objects unloaded after import = 3
========================================================================
Received Import Request.
  Time since last request: 0.000029 seconds.
  path: Assets/Art/UI/Border/Puzzle/Step2_hover.png
  artifactKey: Guid(b4ef0483cb1d87149939d00ffc0e33ce) Importer(2089858483,0ecaa5967403d082aa24f35e1b516d23)
Start importing Assets/Art/UI/Border/Puzzle/Step2_hover.png using Guid(b4ef0483cb1d87149939d00ffc0e33ce) Importer(2089858483,0ecaa5967403d082aa24f35e1b516d23) [PhysX] Initialized MultithreadedTaskDispatcher with 12 workers.
 -> (artifact id: '618e3e560d2c747f938d50273a85479b') in 0.025492 seconds
Number of updated asset objects reloaded before import = 0
Number of asset objects unloaded after import = 3
========================================================================
Received Import Request.
  Time since last request: 0.000016 seconds.
  path: Assets/Standard Assets/Effects/LightCookies/Textures/LightSquareCookie.psd
  artifactKey: Guid(69680b688d11eb9d30009b3b4241aa39) Importer(2089858483,0ecaa5967403d082aa24f35e1b516d23)
Start importing Assets/Standard Assets/Effects/LightCookies/Textures/LightSquareCookie.psd using Guid(69680b688d11eb9d30009b3b4241aa39) Importer(2089858483,0ecaa5967403d082aa24f35e1b516d23) [PhysX] Initialized MultithreadedTaskDispatcher with 12 workers.
 -> (artifact id: '81bfbfbe483d64a49fc4699c5900bca3') in 0.020925 seconds
Number of updated asset objects reloaded before import = 0
Number of asset objects unloaded after import = 1
========================================================================
Received Import Request.
  Time since last request: 0.000016 seconds.
  path: Assets/Standard Assets/Effects/TessellationShaders/Models/LowPolySphere.fbx
  artifactKey: Guid(103612e5e1ff43a4e896c567a2cb3ae1) Importer(2089858483,0ecaa5967403d082aa24f35e1b516d23)
Start importing Assets/Standard Assets/Effects/TessellationShaders/Models/LowPolySphere.fbx using Guid(103612e5e1ff43a4e896c567a2cb3ae1) Importer(2089858483,0ecaa5967403d082aa24f35e1b516d23) [PhysX] Initialized MultithreadedTaskDispatcher with 12 workers.
 -> (artifact id: 'a9597dbe49baf0286441b8a0b8d66391') in 0.060234 seconds
Number of updated asset objects reloaded before import = 0
Number of asset objects unloaded after import = 8
========================================================================
Received Import Request.
  Time since last request: 0.000016 seconds.
  path: Assets/Scripts/UI/WorldOptions/StatsController.cs
  artifactKey: Guid(dc69be9ee6dcc8e46bd3531807127dd2) Importer(2089858483,0ecaa5967403d082aa24f35e1b516d23)
Start importing Assets/Scripts/UI/WorldOptions/StatsController.cs using Guid(dc69be9ee6dcc8e46bd3531807127dd2) Importer(2089858483,0ecaa5967403d082aa24f35e1b516d23) [PhysX] Initialized MultithreadedTaskDispatcher with 12 workers.
 -> (artifact id: 'c80efa4fbc3658a58ed939c430a5af44') in 0.008231 seconds
Number of updated asset objects reloaded before import = 0
Number of asset objects unloaded after import = 1
========================================================================
Received Import Request.
  Time since last request: 0.000014 seconds.
  path: Assets/StreamingAssets/Puzzles/puzzle3-1.json
  artifactKey: Guid(d25490913c87af04aabfd2d23bc7c308) Importer(2089858483,0ecaa5967403d082aa24f35e1b516d23)
Start importing Assets/StreamingAssets/Puzzles/puzzle3-1.json using Guid(d25490913c87af04aabfd2d23bc7c308) Importer(2089858483,0ecaa5967403d082aa24f35e1b516d23) [PhysX] Initialized MultithreadedTaskDispatcher with 12 workers.
 -> (artifact id: '0657d1febd0b2eee012d2602a9cd5b68') in 0.005115 seconds
Number of updated asset objects reloaded before import = 0
Number of asset objects unloaded after import = 1
========================================================================
Received Import Request.
  Time since last request: 0.000016 seconds.
  path: Assets/Art/Tiles/IO/1.png
  artifactKey: Guid(60ffd25be6e11ff449879a7174d760b6) Importer(2089858483,0ecaa5967403d082aa24f35e1b516d23)
Start importing Assets/Art/Tiles/IO/1.png using Guid(60ffd25be6e11ff449879a7174d760b6) Importer(2089858483,0ecaa5967403d082aa24f35e1b516d23) [PhysX] Initialized MultithreadedTaskDispatcher with 12 workers.
 -> (artifact id: 'e73807e239cde2917b6fe3bc4a72e58e') in 0.023655 seconds
Number of updated asset objects reloaded before import = 0
Number of asset objects unloaded after import = 3
========================================================================
Received Import Request.
  Time since last request: 0.000017 seconds.
  path: Assets/Prefab/LockPrefab.prefab
  artifactKey: Guid(cd8ef1e8fcf67ad449fc130ee6088809) Importer(2089858483,0ecaa5967403d082aa24f35e1b516d23)
Start importing Assets/Prefab/LockPrefab.prefab using Guid(cd8ef1e8fcf67ad449fc130ee6088809) Importer(2089858483,0ecaa5967403d082aa24f35e1b516d23) [PhysX] Initialized MultithreadedTaskDispatcher with 12 workers.
 -> (artifact id: '8be7e0645de69fd21b240f3ff5bd9f4d') in 0.014030 seconds
Number of updated asset objects reloaded before import = 0
Number of asset objects unloaded after import = 7
========================================================================
Received Import Request.
  Time since last request: 0.000023 seconds.
  path: Assets/Scripts/Tiles/InputBasedTile.cs
  artifactKey: Guid(7cfe7e7b0012d1d4f8d4fd64e3164af9) Importer(2089858483,0ecaa5967403d082aa24f35e1b516d23)
Start importing Assets/Scripts/Tiles/InputBasedTile.cs using Guid(7cfe7e7b0012d1d4f8d4fd64e3164af9) Importer(2089858483,0ecaa5967403d082aa24f35e1b516d23) [PhysX] Initialized MultithreadedTaskDispatcher with 12 workers.
 -> (artifact id: 'b9ea051a4cf8d6113a0518914c1076c2') in 0.010176 seconds
Number of updated asset objects reloaded before import = 0
Number of asset objects unloaded after import = 1
========================================================================
Received Import Request.
  Time since last request: 0.000015 seconds.
  path: Assets/Art/UI/Border/System/WorldOptions3.png
  artifactKey: Guid(8923b04bbbe2a1342ad3166953ce95ab) Importer(2089858483,0ecaa5967403d082aa24f35e1b516d23)
Start importing Assets/Art/UI/Border/System/WorldOptions3.png using Guid(8923b04bbbe2a1342ad3166953ce95ab) Importer(2089858483,0ecaa5967403d082aa24f35e1b516d23) [PhysX] Initialized MultithreadedTaskDispatcher with 12 workers.
 -> (artifact id: '3752f7d4e4356df59d624e0526061029') in 0.026343 seconds
Number of updated asset objects reloaded before import = 0
Number of asset objects unloaded after import = 3
========================================================================
Received Import Request.
  Time since last request: 0.000017 seconds.
  path: Assets/Art/UI/Border/System/Saveslots/SaveSlot1-2_hover.png
  artifactKey: Guid(ef3233c46ed85374982104fb40591652) Importer(2089858483,0ecaa5967403d082aa24f35e1b516d23)
Start importing Assets/Art/UI/Border/System/Saveslots/SaveSlot1-2_hover.png using Guid(ef3233c46ed85374982104fb40591652) Importer(2089858483,0ecaa5967403d082aa24f35e1b516d23) [PhysX] Initialized MultithreadedTaskDispatcher with 12 workers.
 -> (artifact id: '6e770ab8933ba8ab6102b2dcdd521a70') in 0.025709 seconds
Number of updated asset objects reloaded before import = 0
Number of asset objects unloaded after import = 3
========================================================================
Received Import Request.
  Time since last request: 0.000016 seconds.
  path: Assets/Art/UI/Border/System/Saveslots/Save.png
  artifactKey: Guid(04d86a1ee890e0d49922012fdbbc0264) Importer(2089858483,0ecaa5967403d082aa24f35e1b516d23)
Start importing Assets/Art/UI/Border/System/Saveslots/Save.png using Guid(04d86a1ee890e0d49922012fdbbc0264) Importer(2089858483,0ecaa5967403d082aa24f35e1b516d23) [PhysX] Initialized MultithreadedTaskDispatcher with 12 workers.
 -> (artifact id: 'd66bd7afa3d7eb0f38ffbb8e740833d3') in 0.025800 seconds
Number of updated asset objects reloaded before import = 0
Number of asset objects unloaded after import = 3
========================================================================
Received Import Request.
  Time since last request: 0.000023 seconds.
  path: Assets/Standard Assets/Effects/ToonShading/Textures/UtilToonGradient.png
  artifactKey: Guid(4a056241e2722dc46a7262a8e7073fd9) Importer(2089858483,0ecaa5967403d082aa24f35e1b516d23)
Start importing Assets/Standard Assets/Effects/ToonShading/Textures/UtilToonGradient.png using Guid(4a056241e2722dc46a7262a8e7073fd9) Importer(2089858483,0ecaa5967403d082aa24f35e1b516d23) [PhysX] Initialized MultithreadedTaskDispatcher with 12 workers.
 -> (artifact id: '6957dea63ce7f640de38f2a668cca5d3') in 0.020472 seconds
Number of updated asset objects reloaded before import = 0
Number of asset objects unloaded after import = 1
========================================================================
Received Import Request.
  Time since last request: 0.000015 seconds.
  path: Assets/Standard Assets/Effects/ToonShading/Shaders/ToonLitOutline.shader
  artifactKey: Guid(054a31a99d11e49d110086ba44295342) Importer(2089858483,0ecaa5967403d082aa24f35e1b516d23)
Start importing Assets/Standard Assets/Effects/ToonShading/Shaders/ToonLitOutline.shader using Guid(054a31a99d11e49d110086ba44295342) Importer(2089858483,0ecaa5967403d082aa24f35e1b516d23) [PhysX] Initialized MultithreadedTaskDispatcher with 12 workers.
 -> (artifact id: 'c34eecb8c17876c148b90ffe9a5e4cf9') in 0.008797 seconds
Number of updated asset objects reloaded before import = 0
Number of asset objects unloaded after import = 2
========================================================================
Received Import Request.
  Time since last request: 0.000016 seconds.
  path: Assets/Prefab/Components/ComponentSaveUIButton.prefab
  artifactKey: Guid(3a5fa32401ea91c45acd6e1de75089da) Importer(2089858483,0ecaa5967403d082aa24f35e1b516d23)
Start importing Assets/Prefab/Components/ComponentSaveUIButton.prefab using Guid(3a5fa32401ea91c45acd6e1de75089da) Importer(2089858483,0ecaa5967403d082aa24f35e1b516d23) [PhysX] Initialized MultithreadedTaskDispatcher with 12 workers.
 -> (artifact id: '5e300aff1b0e3c69aea87b81ecbfc7c0') in 0.072316 seconds
Number of updated asset objects reloaded before import = 0
Number of asset objects unloaded after import = 28
========================================================================
Received Import Request.
  Time since last request: 0.000019 seconds.
  path: Assets/Scripts/Undo/Undo.cs
  artifactKey: Guid(93c65416966b79a438c32d41bf3018ff) Importer(2089858483,0ecaa5967403d082aa24f35e1b516d23)
Start importing Assets/Scripts/Undo/Undo.cs using Guid(93c65416966b79a438c32d41bf3018ff) Importer(2089858483,0ecaa5967403d082aa24f35e1b516d23) [PhysX] Initialized MultithreadedTaskDispatcher with 12 workers.
 -> (artifact id: 'b8d874cb186aaa328e1e9357ace70d4e') in 0.006178 seconds
Number of updated asset objects reloaded before import = 0
Number of asset objects unloaded after import = 1
========================================================================
Received Import Request.
  Time since last request: 0.000015 seconds.
  path: Assets/StreamingAssets/Puzzles/puzzle3-4.json
  artifactKey: Guid(77d9fe4778f2d4445b124ac85089e025) Importer(2089858483,0ecaa5967403d082aa24f35e1b516d23)
Start importing Assets/StreamingAssets/Puzzles/puzzle3-4.json using Guid(77d9fe4778f2d4445b124ac85089e025) Importer(2089858483,0ecaa5967403d082aa24f35e1b516d23) [PhysX] Initialized MultithreadedTaskDispatcher with 12 workers.
 -> (artifact id: '3b70013cb2d9ae329bece701cbc0d383') in 0.005128 seconds
Number of updated asset objects reloaded before import = 0
Number of asset objects unloaded after import = 1
========================================================================
Received Import Request.
  Time since last request: 0.000015 seconds.
  path: Assets/Scripts/AudioController.cs
  artifactKey: Guid(5e49f04e2437da343bdc1b89d4cab0d8) Importer(2089858483,0ecaa5967403d082aa24f35e1b516d23)
Start importing Assets/Scripts/AudioController.cs using Guid(5e49f04e2437da343bdc1b89d4cab0d8) Importer(2089858483,0ecaa5967403d082aa24f35e1b516d23) [PhysX] Initialized MultithreadedTaskDispatcher with 12 workers.
 -> (artifact id: '94e1437ce89f33698b68f3225a500cde') in 0.008239 seconds
Number of updated asset objects reloaded before import = 0
Number of asset objects unloaded after import = 1
========================================================================
Received Import Request.
  Time since last request: 0.000016 seconds.
  path: Assets/Scripts/Utility/HoverDisplay.cs
  artifactKey: Guid(3ff5ee22e75094048ab89f90734cb291) Importer(2089858483,0ecaa5967403d082aa24f35e1b516d23)
Start importing Assets/Scripts/Utility/HoverDisplay.cs using Guid(3ff5ee22e75094048ab89f90734cb291) Importer(2089858483,0ecaa5967403d082aa24f35e1b516d23) [PhysX] Initialized MultithreadedTaskDispatcher with 12 workers.
 -> (artifact id: '0d72e1689bef3882821530f864b63b5f') in 0.008533 seconds
Number of updated asset objects reloaded before import = 0
Number of asset objects unloaded after import = 1
========================================================================
Received Import Request.
  Time since last request: 0.000015 seconds.
  path: Assets/StreamingAssets/Puzzles/puzzle4-3.json
  artifactKey: Guid(9e25655dadecb5a40909c0499a3f9c49) Importer(2089858483,0ecaa5967403d082aa24f35e1b516d23)
Start importing Assets/StreamingAssets/Puzzles/puzzle4-3.json using Guid(9e25655dadecb5a40909c0499a3f9c49) Importer(2089858483,0ecaa5967403d082aa24f35e1b516d23) [PhysX] Initialized MultithreadedTaskDispatcher with 12 workers.
 -> (artifact id: 'dac42573293397e152872c290f31613a') in 0.005761 seconds
Number of updated asset objects reloaded before import = 0
Number of asset objects unloaded after import = 1
========================================================================
Received Import Request.
  Time since last request: 0.000013 seconds.
  path: Assets/StreamingAssets/Puzzles/puzzle4-4.json
  artifactKey: Guid(541c5328a5e2d2b49a3d257cf0a7d74c) Importer(2089858483,0ecaa5967403d082aa24f35e1b516d23)
Start importing Assets/StreamingAssets/Puzzles/puzzle4-4.json using Guid(541c5328a5e2d2b49a3d257cf0a7d74c) Importer(2089858483,0ecaa5967403d082aa24f35e1b516d23) [PhysX] Initialized MultithreadedTaskDispatcher with 12 workers.
 -> (artifact id: '9213aa0f4fc2536a2c3d023f86500e22') in 0.005039 seconds
Number of updated asset objects reloaded before import = 0
Number of asset objects unloaded after import = 1
========================================================================
Received Import Request.
  Time since last request: 0.000020 seconds.
  path: Assets/Art/Tiles/Wire4.png
  artifactKey: Guid(d4ac13cc34248df49819815ca0ea229a) Importer(2089858483,0ecaa5967403d082aa24f35e1b516d23)
Start importing Assets/Art/Tiles/Wire4.png using Guid(d4ac13cc34248df49819815ca0ea229a) Importer(2089858483,0ecaa5967403d082aa24f35e1b516d23) [PhysX] Initialized MultithreadedTaskDispatcher with 12 workers.
 -> (artifact id: '5506f1a206917032a2c117940e0cfefa') in 0.023725 seconds
Number of updated asset objects reloaded before import = 0
Number of asset objects unloaded after import = 3
========================================================================
Received Import Request.
  Time since last request: 0.000017 seconds.
  path: Assets/Art/Tiles/Delayer_v2-1.png
  artifactKey: Guid(f9ac53a83aaa5f6438e1dd1688d916e0) Importer(2089858483,0ecaa5967403d082aa24f35e1b516d23)
Start importing Assets/Art/Tiles/Delayer_v2-1.png using Guid(f9ac53a83aaa5f6438e1dd1688d916e0) Importer(2089858483,0ecaa5967403d082aa24f35e1b516d23) [PhysX] Initialized MultithreadedTaskDispatcher with 12 workers.
 -> (artifact id: '412744077201546dcb26aa77cdfc5782') in 0.023989 seconds
Number of updated asset objects reloaded before import = 0
Number of asset objects unloaded after import = 3
Editor requested this worker to shutdown with reason: Scaling down because of idle timeout
TcpMessagingSession - receive error: operation aborted. errorcode: 995, details: I/U-operasjonen er blitt avsluttet på grunn av en trådavslutning eller en forespørsel fra et program.
AssetImportWorker is now disconnected from the server
Process exiting
Exiting without the bug reporter. Application will terminate with return code 0